###############################################################################
#
# IAR ELF Linker V8.11.1.13263/W32 for ARM                10/Jul/2017  14:30:08
# Copyright 2007-2017 IAR Systems AB.
#
#    Output file  =  
#        F:\01__飞思卡尔智能车\00__赛区赛\00_My_Project_1.0\My__SmartCar\DEMO2.0\Prj\IAR\FN15_Debug\Exe\vcan_Kinetis.out
#    Map file     =  
#        F:\01__飞思卡尔智能车\00__赛区赛\00_My_Project_1.0\My__SmartCar\DEMO2.0\Prj\IAR\FN15_Debug\List\vcan_Kinetis.map
#    Command line =  
#        -f C:\Users\DELL\AppData\Local\Temp\EWD3B1.tmp
#        (F:\01__飞思卡尔智能车\00__赛区赛\00_My_Project_1.0\My__SmartCar\DEMO2.0\Prj\IAR\FN15_Debug\Obj\diskio.o
#        F:\01__飞思卡尔智能车\00__赛区赛\00_My_Project_1.0\My__SmartCar\DEMO2.0\Prj\IAR\FN15_Debug\Obj\ff.o
#        F:\01__飞思卡尔智能车\00__赛区赛\00_My_Project_1.0\My__SmartCar\DEMO2.0\Prj\IAR\FN15_Debug\Obj\main.o
#        F:\01__飞思卡尔智能车\00__赛区赛\00_My_Project_1.0\My__SmartCar\DEMO2.0\Prj\IAR\FN15_Debug\Obj\misc.o
#        F:\01__飞思卡尔智能车\00__赛区赛\00_My_Project_1.0\My__SmartCar\DEMO2.0\Prj\IAR\FN15_Debug\Obj\MK60_adc.o
#        F:\01__飞思卡尔智能车\00__赛区赛\00_My_Project_1.0\My__SmartCar\DEMO2.0\Prj\IAR\FN15_Debug\Obj\MK60_can.o
#        F:\01__飞思卡尔智能车\00__赛区赛\00_My_Project_1.0\My__SmartCar\DEMO2.0\Prj\IAR\FN15_Debug\Obj\MK60_conf.o
#        F:\01__飞思卡尔智能车\00__赛区赛\00_My_Project_1.0\My__SmartCar\DEMO2.0\Prj\IAR\FN15_Debug\Obj\MK60_dac.o
#        F:\01__飞思卡尔智能车\00__赛区赛\00_My_Project_1.0\My__SmartCar\DEMO2.0\Prj\IAR\FN15_Debug\Obj\MK60_dma.o
#        F:\01__飞思卡尔智能车\00__赛区赛\00_My_Project_1.0\My__SmartCar\DEMO2.0\Prj\IAR\FN15_Debug\Obj\MK60_DWT.o
#        F:\01__飞思卡尔智能车\00__赛区赛\00_My_Project_1.0\My__SmartCar\DEMO2.0\Prj\IAR\FN15_Debug\Obj\MK60_flash.o
#        F:\01__飞思卡尔智能车\00__赛区赛\00_My_Project_1.0\My__SmartCar\DEMO2.0\Prj\IAR\FN15_Debug\Obj\MK60_flexbus.o
#        F:\01__飞思卡尔智能车\00__赛区赛\00_My_Project_1.0\My__SmartCar\DEMO2.0\Prj\IAR\FN15_Debug\Obj\MK60_ftm.o
#        F:\01__飞思卡尔智能车\00__赛区赛\00_My_Project_1.0\My__SmartCar\DEMO2.0\Prj\IAR\FN15_Debug\Obj\MK60_gpio.o
#        F:\01__飞思卡尔智能车\00__赛区赛\00_My_Project_1.0\My__SmartCar\DEMO2.0\Prj\IAR\FN15_Debug\Obj\MK60_i2c.o
#        F:\01__飞思卡尔智能车\00__赛区赛\00_My_Project_1.0\My__SmartCar\DEMO2.0\Prj\IAR\FN15_Debug\Obj\MK60_it.o
#        F:\01__飞思卡尔智能车\00__赛区赛\00_My_Project_1.0\My__SmartCar\DEMO2.0\Prj\IAR\FN15_Debug\Obj\MK60_lptmr.o
#        F:\01__飞思卡尔智能车\00__赛区赛\00_My_Project_1.0\My__SmartCar\DEMO2.0\Prj\IAR\FN15_Debug\Obj\MK60_mcg.o
#        F:\01__飞思卡尔智能车\00__赛区赛\00_My_Project_1.0\My__SmartCar\DEMO2.0\Prj\IAR\FN15_Debug\Obj\MK60_PIT.o
#        F:\01__飞思卡尔智能车\00__赛区赛\00_My_Project_1.0\My__SmartCar\DEMO2.0\Prj\IAR\FN15_Debug\Obj\MK60_port.o
#        F:\01__飞思卡尔智能车\00__赛区赛\00_My_Project_1.0\My__SmartCar\DEMO2.0\Prj\IAR\FN15_Debug\Obj\MK60_rtc.o
#        F:\01__飞思卡尔智能车\00__赛区赛\00_My_Project_1.0\My__SmartCar\DEMO2.0\Prj\IAR\FN15_Debug\Obj\MK60_sdhc.o
#        F:\01__飞思卡尔智能车\00__赛区赛\00_My_Project_1.0\My__SmartCar\DEMO2.0\Prj\IAR\FN15_Debug\Obj\MK60_spi.o
#        F:\01__飞思卡尔智能车\00__赛区赛\00_My_Project_1.0\My__SmartCar\DEMO2.0\Prj\IAR\FN15_Debug\Obj\MK60_SysTick.o
#        F:\01__飞思卡尔智能车\00__赛区赛\00_My_Project_1.0\My__SmartCar\DEMO2.0\Prj\IAR\FN15_Debug\Obj\MK60_uart.o
#        F:\01__飞思卡尔智能车\00__赛区赛\00_My_Project_1.0\My__SmartCar\DEMO2.0\Prj\IAR\FN15_Debug\Obj\MK60_usb.o
#        F:\01__飞思卡尔智能车\00__赛区赛\00_My_Project_1.0\My__SmartCar\DEMO2.0\Prj\IAR\FN15_Debug\Obj\MK60_wdog.o
#        F:\01__飞思卡尔智能车\00__赛区赛\00_My_Project_1.0\My__SmartCar\DEMO2.0\Prj\IAR\FN15_Debug\Obj\My_Adjust.o
#        F:\01__飞思卡尔智能车\00__赛区赛\00_My_Project_1.0\My__SmartCar\DEMO2.0\Prj\IAR\FN15_Debug\Obj\My_Debug.o
#        F:\01__飞思卡尔智能车\00__赛区赛\00_My_Project_1.0\My__SmartCar\DEMO2.0\Prj\IAR\FN15_Debug\Obj\My_Direct.o
#        F:\01__飞思卡尔智能车\00__赛区赛\00_My_Project_1.0\My__SmartCar\DEMO2.0\Prj\IAR\FN15_Debug\Obj\My_Display.o
#        F:\01__飞思卡尔智能车\00__赛区赛\00_My_Project_1.0\My__SmartCar\DEMO2.0\Prj\IAR\FN15_Debug\Obj\My_ImageDeal.o
#        F:\01__飞思卡尔智能车\00__赛区赛\00_My_Project_1.0\My__SmartCar\DEMO2.0\Prj\IAR\FN15_Debug\Obj\My_Init.o
#        F:\01__飞思卡尔智能车\00__赛区赛\00_My_Project_1.0\My__SmartCar\DEMO2.0\Prj\IAR\FN15_Debug\Obj\My_IRQ.o
#        F:\01__飞思卡尔智能车\00__赛区赛\00_My_Project_1.0\My__SmartCar\DEMO2.0\Prj\IAR\FN15_Debug\Obj\My_Math.o
#        F:\01__飞思卡尔智能车\00__赛区赛\00_My_Project_1.0\My__SmartCar\DEMO2.0\Prj\IAR\FN15_Debug\Obj\My_Speed.o
#        F:\01__飞思卡尔智能车\00__赛区赛\00_My_Project_1.0\My__SmartCar\DEMO2.0\Prj\IAR\FN15_Debug\Obj\startup_MK60DZ10.o
#        F:\01__飞思卡尔智能车\00__赛区赛\00_My_Project_1.0\My__SmartCar\DEMO2.0\Prj\IAR\FN15_Debug\Obj\system_MK60DZ10.o
#        F:\01__飞思卡尔智能车\00__赛区赛\00_My_Project_1.0\My__SmartCar\DEMO2.0\Prj\IAR\FN15_Debug\Obj\USB.o
#        F:\01__飞思卡尔智能车\00__赛区赛\00_My_Project_1.0\My__SmartCar\DEMO2.0\Prj\IAR\FN15_Debug\Obj\USB_CDC.o
#        F:\01__飞思卡尔智能车\00__赛区赛\00_My_Project_1.0\My__SmartCar\DEMO2.0\Prj\IAR\FN15_Debug\Obj\VCAN_ASCII.o
#        F:\01__飞思卡尔智能车\00__赛区赛\00_My_Project_1.0\My__SmartCar\DEMO2.0\Prj\IAR\FN15_Debug\Obj\VCAN_BMP.o
#        F:\01__飞思卡尔智能车\00__赛区赛\00_My_Project_1.0\My__SmartCar\DEMO2.0\Prj\IAR\FN15_Debug\Obj\VCAN_camera.o
#        F:\01__飞思卡尔智能车\00__赛区赛\00_My_Project_1.0\My__SmartCar\DEMO2.0\Prj\IAR\FN15_Debug\Obj\VCAN_computer.o
#        F:\01__飞思卡尔智能车\00__赛区赛\00_My_Project_1.0\My__SmartCar\DEMO2.0\Prj\IAR\FN15_Debug\Obj\vcan_img2sd.o
#        F:\01__飞思卡尔智能车\00__赛区赛\00_My_Project_1.0\My__SmartCar\DEMO2.0\Prj\IAR\FN15_Debug\Obj\VCAN_key.o
#        F:\01__飞思卡尔智能车\00__赛区赛\00_My_Project_1.0\My__SmartCar\DEMO2.0\Prj\IAR\FN15_Debug\Obj\VCAN_key_event.o
#        F:\01__飞思卡尔智能车\00__赛区赛\00_My_Project_1.0\My__SmartCar\DEMO2.0\Prj\IAR\FN15_Debug\Obj\VCAN_LCD.o
#        F:\01__飞思卡尔智能车\00__赛区赛\00_My_Project_1.0\My__SmartCar\DEMO2.0\Prj\IAR\FN15_Debug\Obj\VCAN_LCD_CH.o
#        F:\01__飞思卡尔智能车\00__赛区赛\00_My_Project_1.0\My__SmartCar\DEMO2.0\Prj\IAR\FN15_Debug\Obj\VCAN_LCD_ILI9341.o
#        F:\01__飞思卡尔智能车\00__赛区赛\00_My_Project_1.0\My__SmartCar\DEMO2.0\Prj\IAR\FN15_Debug\Obj\VCAN_LCD_ST7735R.o
#        F:\01__飞思卡尔智能车\00__赛区赛\00_My_Project_1.0\My__SmartCar\DEMO2.0\Prj\IAR\FN15_Debug\Obj\VCAN_LCD_ST7735S.o
#        F:\01__飞思卡尔智能车\00__赛区赛\00_My_Project_1.0\My__SmartCar\DEMO2.0\Prj\IAR\FN15_Debug\Obj\VCAN_LED.o
#        F:\01__飞思卡尔智能车\00__赛区赛\00_My_Project_1.0\My__SmartCar\DEMO2.0\Prj\IAR\FN15_Debug\Obj\VCAN_MMA7455.o
#        F:\01__飞思卡尔智能车\00__赛区赛\00_My_Project_1.0\My__SmartCar\DEMO2.0\Prj\IAR\FN15_Debug\Obj\VCAN_NRF24L0.o
#        F:\01__飞思卡尔智能车\00__赛区赛\00_My_Project_1.0\My__SmartCar\DEMO2.0\Prj\IAR\FN15_Debug\Obj\VCAN_NRF24L0_MSG.o
#        F:\01__飞思卡尔智能车\00__赛区赛\00_My_Project_1.0\My__SmartCar\DEMO2.0\Prj\IAR\FN15_Debug\Obj\VCAN_OV7725_Eagle.o
#        F:\01__飞思卡尔智能车\00__赛区赛\00_My_Project_1.0\My__SmartCar\DEMO2.0\Prj\IAR\FN15_Debug\Obj\VCAN_OV7725_Wolf.o
#        F:\01__飞思卡尔智能车\00__赛区赛\00_My_Project_1.0\My__SmartCar\DEMO2.0\Prj\IAR\FN15_Debug\Obj\VCAN_RTC_count.o
#        F:\01__飞思卡尔智能车\00__赛区赛\00_My_Project_1.0\My__SmartCar\DEMO2.0\Prj\IAR\FN15_Debug\Obj\VCAN_SCCB.o
#        F:\01__飞思卡尔智能车\00__赛区赛\00_My_Project_1.0\My__SmartCar\DEMO2.0\Prj\IAR\FN15_Debug\Obj\vcan_sd_app.o
#        F:\01__飞思卡尔智能车\00__赛区赛\00_My_Project_1.0\My__SmartCar\DEMO2.0\Prj\IAR\FN15_Debug\Obj\Vcan_touch.o
#        F:\01__飞思卡尔智能车\00__赛区赛\00_My_Project_1.0\My__SmartCar\DEMO2.0\Prj\IAR\FN15_Debug\Obj\VCAN_TSL1401.o
#        F:\01__飞思卡尔智能车\00__赛区赛\00_My_Project_1.0\My__SmartCar\DEMO2.0\Prj\IAR\FN15_Debug\Obj\VCAN_UI_VAR.o
#        F:\01__飞思卡尔智能车\00__赛区赛\00_My_Project_1.0\My__SmartCar\DEMO2.0\Prj\IAR\FN15_Debug\Obj\vectors.o
#        --redirect _Printf=_PrintfLargeNoMb --redirect _Scanf=_ScanfLargeNoMb
#        -o
#        F:\01__飞思卡尔智能车\00__赛区赛\00_My_Project_1.0\My__SmartCar\DEMO2.0\Prj\IAR\FN15_Debug\Exe\vcan_Kinetis.out
#        --map
#        F:\01__飞思卡尔智能车\00__赛区赛\00_My_Project_1.0\My__SmartCar\DEMO2.0\Prj\IAR\FN15_Debug\List\vcan_Kinetis.map
#        --config
#        "F:\01__飞思卡尔智能车\00__赛区赛\00_My_Project_1.0\My__SmartCar\DEMO2.0\Prj\IAR\config
#        files\vcan_ROM_K60X512.icf"
#        F:\01__飞思卡尔智能车\00__赛区赛\00_My_Project_1.0\My__SmartCar\DEMO2.0\Prj\IAR\..\..\Lib\CMSIS\iar_cortexM4l_math.a
#        --entry __iar_program_start --redirect __write=__write_buffered --vfe
#        --text_out locale)
#
###############################################################################

*******************************************************************************
*** RUNTIME MODEL ATTRIBUTES
***

CppFlavor       = *
__SystemLibrary = DLib
__dlib_version  = 6


*******************************************************************************
*** HEAP SELECTION
***

The basic heap was selected because no calls to memory allocation
functions were found in the application outside of system library
functions, and there are calls to deallocation functions in the
application.


*******************************************************************************
*** PLACEMENT SUMMARY
***

"A0":  place at 0x00000000 { ro section .intvec };
"A1":  place at 0x00000410 { ro section .noinit };
"P1":  place in [from 0x00000000 to 0x00080000] |
                [from 0x10000000 to 0x1007ffff] { ro, block CodeRelocate };
"P2":  place in [from 0x1fff0410 to 0x20010000] {
          rw, block CodeRelocateRam, block CSTACK, block HEAP };
initialize manually with packing = copy, complex ranges { section .data };
initialize manually with packing = copy, complex ranges { section .textrw };

  Section              Kind        Address     Size  Object
  -------              ----        -------     ----  ------
"A0":                                         0x410
  .intvec              const    0x00000000    0x410  vectors.o [1]
                              - 0x00000410    0x410

"A1":                                           0x8
  .noinit              ro code  0x00000410      0x8  startup_MK60DZ10.o [1]
                              - 0x00000418      0x8

"P1":                                       0x12dc0
  .rodata              const    0x00000418   0x4b00  My_Adjust.o [1]
  .rodata              const    0x00004f18   0x4b00  My_Adjust.o [1]
  .text                ro code  0x00009a18   0x1bfc  VCAN_LCD_ST7735R.o [1]
  .text                ro code  0x0000b614    0x144  MK60_gpio.o [1]
  .text                ro code  0x0000b758     0xbc  MK60_port.o [1]
  .text                ro code  0x0000b814     0x64  MK60_SysTick.o [1]
  Veneer               ro code  0x0000b878      0x8  - Linker created -
  Veneer               ro code  0x0000b880      0x8  - Linker created -
  .text                ro code  0x0000b888    0x144  MK60_conf.o [1]
  .text                ro code  0x0000b9cc     0x70  VCAN_LED.o [1]
  .text                ro code  0x0000ba3c     0x28  printf.o [3]
  .text                ro code  0x0000ba64    0x2f0  MK60_uart.o [1]
  .text                ro code  0x0000bd54    0x1c0  VCAN_key.o [1]
  .text                ro code  0x0000bf14    0xc06  xprintflarge_nomb.o [3]
  .rodata              const    0x0000cb1a      0x2  VCAN_camera.o [1]
  .text                ro code  0x0000cb1c     0x16  strchr.o [5]
  .text                ro code  0x0000cb34     0x44  xfail_s.o [3]
  .text                ro code  0x0000cb78     0x36  strlen.o [5]
  .text                ro code  0x0000cbb0     0x58  memchr.o [5]
  .text                ro code  0x0000cc08     0xee  I64DivMod.o [5]
  .text                ro code  0x0000ccf8    0x192  DblMul.o [4]
  .text                ro code  0x0000ce8c     0xa6  ABImemcpy.o [5]
  .text                ro code  0x0000cf34     0x70  frexp.o [4]
  .text                ro code  0x0000cfa4     0x2e  DblCmpLe.o [4]
  .text                ro code  0x0000cfd4    0x246  DblDiv.o [4]
  .text                ro code  0x0000d21c     0x28  DblToU32.o [4]
  .text                ro code  0x0000d244     0x1a  U32ToDbl.o [4]
  .text                ro code  0x0000d260     0xe2  DblSub.o [4]
  .text                ro code  0x0000d344      0xc  xlocale_c.o [3]
  .text                ro code  0x0000d350      0x6  abort.o [3]
  .text                ro code  0x0000d358      0x2  I64DivZer.o [5]
  .text                ro code  0x0000d35c    0x178  DblAdd.o [4]
  .text                ro code  0x0000d4d4      0xc  XXexit.o [5]
  .text                ro code  0x0000d4e0   0x1526  My_ImageDeal.o [1]
  .text                ro code  0x0000ea08    0x120  My_Math.o [1]
  .text                ro code  0x0000eb28    0x20c  My_Adjust.o [1]
  .data_init                    0x0000ed34    0x938  <Block>
    Initializer bytes  const    0x0000ed34    0x938  <for .data-1>
  .rodata              const    0x0000f66c    0x600  VCAN_ASCII.o [1]
  .text                ro code  0x0000fc6c    0x5f8  MK60_ftm.o [1]
  .text                ro code  0x00010264    0x5cc  My_Speed.o [1]
  .text                ro code  0x00010830      0x8  abs.o [3]
  .text                ro code  0x00010838     0x22  S32ToDbl.o [4]
  .text                ro code  0x0001085c     0x48  FltToDbl.o [4]
  .text                ro code  0x000108a4     0x3a  DblToS32.o [4]
  .text                ro code  0x000108e0     0x68  DblToFlt.o [4]
  .text                ro code  0x00010948    0x4e8  VCAN_LCD.o [1]
  .text                ro code  0x00010e30    0x4c8  My_Display.o [1]
  Veneer               ro code  0x000112f8      0x8  - Linker created -
  .text                ro code  0x00011300    0x400  MK60_mcg.o [1]
  .text                ro code  0x00011700    0x362  VCAN_SCCB.o [1]
  .text                ro code  0x00011a64    0x28c  VCAN_OV7725_Eagle.o [1]
  .text                ro code  0x00011cf0    0x248  MK60_dma.o [1]
  .text                ro code  0x00011f38     0x80  main.o [1]
  .text                ro code  0x00011fb8    0x154  My_Init.o [1]
  .text                ro code  0x0001210c     0x98  VCAN_camera.o [1]
  .text                ro code  0x000121a4    0x1e4  My_Direct.o [1]
  .text                ro code  0x00012388    0x22c  My_Debug.o [1]
  .text                ro code  0x000125b4     0x7c  MK60_PIT.o [1]
  .text                ro code  0x00012630     0x50  misc.o [1]
  .text                ro code  0x00012680     0x66  ABImemset.o [5]
  CodeRelocate                  0x000126e8    0x1f4  <Block>
    Initializer bytes  const    0x000126e8    0x1f4  <for CodeRelocateRam-1>
  .text                ro code  0x000128dc    0x13c  system_MK60DZ10.o [1]
  .text                ro code  0x00012a18     0x40  MK60_wdog.o [1]
  .text                ro code  0x00012a58    0x114  My_IRQ.o [1]
  .rodata              const    0x00012b6c     0x70  VCAN_LCD_ST7735R.o [1]
  .rodata              const    0x00012bdc     0x6c  MK60_SysTick.o [1]
  .rodata              const    0x00012c48     0x68  MK60_dma.o [1]
  .rodata              const    0x00012cb0     0x68  MK60_flash.o [1]
  .rodata              const    0x00012d18     0x68  MK60_ftm.o [1]
  .rodata              const    0x00012d80     0x68  MK60_gpio.o [1]
  .rodata              const    0x00012de8     0x68  MK60_PIT.o [1]
  .rodata              const    0x00012e50     0x68  MK60_uart.o [1]
  .rodata              const    0x00012eb8     0x68  VCAN_LCD.o [1]
  .rodata              const    0x00012f20     0x64  misc.o [1]
  .text                ro code  0x00012f84     0x40  zero_init3.o [5]
  .rodata              const    0x00012fc4     0x3c  MK60_conf.o [1]
  .text                ro code  0x00013000     0x28  data_init.o [5]
  .rodata              const    0x00013028     0x24  MK60_conf.o [1]
  .rodata              const    0x0001304c     0x24  VCAN_OV7725_Eagle.o [1]
  .rodata              const    0x00013070     0x24  VCAN_OV7725_Eagle.o [1]
  .text                ro code  0x00013094     0x22  fpinit_M.o [4]
  .iar.init_table      const    0x000130b8     0x10  - Linker created -
  .rodata              const    0x000130c8     0x20  MK60_conf.o [1]
  .rodata              const    0x000130e8     0x20  VCAN_OV7725_Eagle.o [1]
  .text                ro code  0x00013108     0x1a  cmain.o [5]
  .text                ro code  0x00013122      0x4  low_level_init.o [3]
  .text                ro code  0x00013126      0x4  exit.o [3]
  .text                ro code  0x0001312c      0xa  cexit.o [5]
  .rodata              const    0x00013138     0x18  VCAN_OV7725_Eagle.o [1]
  .rodata              const    0x00013150     0x18  VCAN_OV7725_Eagle.o [1]
  .text                ro code  0x00013168     0x16  xprout.o [3]
  .text                ro code  0x00013180      0xc  putchar.o [3]
  .rodata              const    0x0001318c     0x14  MK60_conf.o [1]
  .rodata              const    0x000131a0     0x14  VCAN_OV7725_Eagle.o [1]
  .text                ro code  0x000131b4      0xc  cstartup_M.o [5]
  .rodata              const    0x000131c0      0x8  My_Debug.o [1]
  .rodata              const    0x000131c8      0x4  VCAN_LCD.o [1]
  .rodata              const    0x000131cc      0x4  VCAN_LCD.o [1]
  .rodata              const    0x000131d0      0x4  VCAN_LCD.o [1]
  .rodata              const    0x000131d4      0x4  xlocale_c.o [3]
  .rodata              const    0x000131d8      0x0  zero_init3.o [5]
                              - 0x000131d8  0x12dc0

"P2", part 1 of 2:                            0xb2c
  .data                         0x1fff0410    0x938  <Block>
    .data-1                     0x1fff0410    0x936  <Init block>
      .data            inited   0x1fff0410    0x708  MK60_conf.o [1]
      .data            inited   0x1fff0b18     0x10  MK60_ftm.o [1]
      .data            inited   0x1fff0b28     0x14  MK60_gpio.o [1]
      .data            inited   0x1fff0b3c     0x58  MK60_mcg.o [1]
      .data            inited   0x1fff0b94      0x4  MK60_mcg.o [1]
      .data            inited   0x1fff0b98     0x14  MK60_port.o [1]
      .data            inited   0x1fff0bac     0x18  MK60_uart.o [1]
      .data            inited   0x1fff0bc4      0x4  My_Direct.o [1]
      .data            inited   0x1fff0bc8      0x4  My_Direct.o [1]
      .data            inited   0x1fff0bcc      0x4  My_Direct.o [1]
      .data            inited   0x1fff0bd0      0x4  My_Direct.o [1]
      .data            inited   0x1fff0bd4      0x4  My_Direct.o [1]
      .data            inited   0x1fff0bd8     0x30  My_ImageDeal.o [1]
      .data            inited   0x1fff0c08      0x4  My_ImageDeal.o [1]
      .data            inited   0x1fff0c0c      0x4  My_ImageDeal.o [1]
      .data            inited   0x1fff0c10      0x4  My_ImageDeal.o [1]
      .data            inited   0x1fff0c14      0x4  My_ImageDeal.o [1]
      .data            inited   0x1fff0c18      0x4  My_ImageDeal.o [1]
      .data            inited   0x1fff0c1c      0x4  My_ImageDeal.o [1]
      .data            inited   0x1fff0c20      0x4  My_ImageDeal.o [1]
      .data            inited   0x1fff0c24      0x4  My_ImageDeal.o [1]
      .data            inited   0x1fff0c28      0x4  My_ImageDeal.o [1]
      .data            inited   0x1fff0c2c      0x4  My_Speed.o [1]
      .data            inited   0x1fff0c30      0x4  My_Speed.o [1]
      .data            inited   0x1fff0c34      0x4  My_Speed.o [1]
      .data            inited   0x1fff0c38      0x4  My_Speed.o [1]
      .data            inited   0x1fff0c3c      0x4  My_Speed.o [1]
      .data            inited   0x1fff0c40      0x4  My_Speed.o [1]
      .data            inited   0x1fff0c44      0x4  My_Speed.o [1]
      .data            inited   0x1fff0c48      0x4  My_Speed.o [1]
      .data            inited   0x1fff0c4c      0x8  VCAN_key.o [1]
      .data            inited   0x1fff0c54      0x4  VCAN_LED.o [1]
      .data            inited   0x1fff0c58     0x64  VCAN_OV7725_Eagle.o [1]
      .data            inited   0x1fff0cbc     0x38  xlocale_c.o [3]
      .data            inited   0x1fff0cf4     0x48  xfiles.o [3]
      .data            inited   0x1fff0d3c      0x2  My_Display.o [1]
      .data            inited   0x1fff0d3e      0x2  My_Display.o [1]
      .data            inited   0x1fff0d40      0x2  VCAN_LCD_ST7735R.o [1]
      .data            inited   0x1fff0d42      0x2  VCAN_LCD_ST7735R.o [1]
      .data            inited   0x1fff0d44      0x1  VCAN_OV7725_Eagle.o [1]
      .data            inited   0x1fff0d45      0x1  VCAN_OV7725_Eagle.o [1]
  CodeRelocateRam               0x1fff0d48    0x1f4  <Block>
    CodeRelocateRam-1           0x1fff0d48    0x1f4  <Init block>
      Veneer           inited   0x1fff0d48      0x8  - Linker created -
      Veneer           inited   0x1fff0d50      0x8  - Linker created -
      .textrw          inited   0x1fff0d58    0x194  MK60_flash.o [1]
      .textrw          inited   0x1fff0eec     0x50  MK60_mcg.o [1]
                              - 0x1fff0f3c    0xb2c

"P2", part 2 of 2:                           0xfba4
  .bss                          0x1fff0f3c   0xfba4  <Block>
    .bss               zero     0x1fff0f3c     0x10  MK60_ftm.o [1]
    .bss               zero     0x1fff0f4c   0x4b00  My_Adjust.o [1]
    .bss               zero     0x1fff5a4c   0x4b00  My_Adjust.o [1]
    .bss               zero     0x1fffa54c      0x4  My_Direct.o [1]
    .bss               zero     0x1fffa550      0x4  My_Direct.o [1]
    .bss               zero     0x1fffa554      0x4  My_Direct.o [1]
    .bss               zero     0x1fffa558    0xb68  My_ImageDeal.o [1]
    .bss               zero     0x1fffb0c0    0xb68  My_ImageDeal.o [1]
    .bss               zero     0x1fffbc28   0x4b00  My_ImageDeal.o [1]
    .bss               zero     0x20000728      0x4  My_ImageDeal.o [1]
    .bss               zero     0x2000072c      0x4  My_ImageDeal.o [1]
    .bss               zero     0x20000730      0x4  My_ImageDeal.o [1]
    .bss               zero     0x20000734      0x4  My_ImageDeal.o [1]
    .bss               zero     0x20000738      0x4  My_ImageDeal.o [1]
    .bss               zero     0x2000073c      0x4  My_ImageDeal.o [1]
    .bss               zero     0x20000740      0x4  My_ImageDeal.o [1]
    .bss               zero     0x20000744      0x4  My_ImageDeal.o [1]
    .bss               zero     0x20000748      0x4  My_ImageDeal.o [1]
    .bss               zero     0x2000074c     0x78  My_ImageDeal.o [1]
    .bss               zero     0x200007c4     0x78  My_ImageDeal.o [1]
    .bss               zero     0x2000083c     0x78  My_ImageDeal.o [1]
    .bss               zero     0x200008b4      0x4  My_ImageDeal.o [1]
    .bss               zero     0x200008b8      0x4  My_ImageDeal.o [1]
    .bss               zero     0x200008bc      0x4  My_ImageDeal.o [1]
    .bss               zero     0x200008c0      0x4  My_ImageDeal.o [1]
    .bss               zero     0x200008c4     0x78  My_ImageDeal.o [1]
    .bss               zero     0x2000093c     0x78  My_ImageDeal.o [1]
    .bss               zero     0x200009b4      0x4  My_ImageDeal.o [1]
    .bss               zero     0x200009b8      0x4  My_ImageDeal.o [1]
    .bss               zero     0x200009bc      0x4  My_ImageDeal.o [1]
    .bss               zero     0x200009c0      0x4  My_ImageDeal.o [1]
    .bss               zero     0x200009c4      0x4  My_ImageDeal.o [1]
    .bss               zero     0x200009c8      0x4  My_ImageDeal.o [1]
    .bss               zero     0x200009cc      0x4  My_ImageDeal.o [1]
    .bss               zero     0x200009d0      0x4  My_ImageDeal.o [1]
    .bss               zero     0x200009d4      0x4  My_ImageDeal.o [1]
    .bss               zero     0x200009d8      0x4  My_Speed.o [1]
    .bss               zero     0x200009dc      0x4  My_Speed.o [1]
    .bss               zero     0x200009e0      0x4  My_Speed.o [1]
    .bss               zero     0x200009e4      0x4  My_Speed.o [1]
    .bss               zero     0x200009e8      0x4  My_Speed.o [1]
    .bss               zero     0x200009ec      0x4  My_Speed.o [1]
    .bss               zero     0x200009f0      0x4  My_Speed.o [1]
    .bss               zero     0x200009f4      0x4  My_Speed.o [1]
    .bss               zero     0x200009f8      0x4  My_Speed.o [1]
    .bss               zero     0x200009fc      0x4  My_Speed.o [1]
    .bss               zero     0x20000a00      0x4  My_Speed.o [1]
    .bss               zero     0x20000a04      0x4  My_Speed.o [1]
    .bss               zero     0x20000a08      0x4  My_Speed.o [1]
    .bss               zero     0x20000a0c      0x4  My_Speed.o [1]
    .bss               zero     0x20000a10      0x4  My_Speed.o [1]
    .bss               zero     0x20000a14      0x4  My_Speed.o [1]
    .bss               zero     0x20000a18      0x4  My_Speed.o [1]
    .bss               zero     0x20000a1c      0x4  My_Speed.o [1]
    .bss               zero     0x20000a20      0x4  My_Speed.o [1]
    .bss               zero     0x20000a24      0x4  My_Speed.o [1]
    .bss               zero     0x20000a28      0x4  My_Speed.o [1]
    .bss               zero     0x20000a2c      0x4  My_Speed.o [1]
    .bss               zero     0x20000a30      0x4  My_Speed.o [1]
    .bss               zero     0x20000a34      0x4  My_Speed.o [1]
    .bss               zero     0x20000a38      0x4  My_Speed.o [1]
    .bss               zero     0x20000a3c      0x4  system_MK60DZ10.o [1]
    .bss               zero     0x20000a40      0x4  system_MK60DZ10.o [1]
    .bss               zero     0x20000a44      0x4  system_MK60DZ10.o [1]
    .bss               zero     0x20000a48     0x28  VCAN_key.o [1]
    .bss               zero     0x20000a70      0x8  VCAN_key.o [1]
    .bss               zero     0x20000a78      0x4  VCAN_OV7725_Eagle.o [1]
    .bss               zero     0x20000a7c      0x4  xfail_s.o [3]
    .bss               zero     0x20000a80     0x50  xfiles.o [3]
    .bss               zero     0x20000ad0      0x2  My_Display.o [1]
    .bss               zero     0x20000ad2      0x1  My_Debug.o [1]
    .bss               zero     0x20000ad3      0x1  My_ImageDeal.o [1]
    .bss               zero     0x20000ad4      0x1  My_ImageDeal.o [1]
    .bss               zero     0x20000ad5      0x1  My_ImageDeal.o [1]
    .bss               zero     0x20000ad6      0x1  My_ImageDeal.o [1]
    .bss               zero     0x20000ad7      0x1  My_ImageDeal.o [1]
    .bss               zero     0x20000ad8      0x1  My_ImageDeal.o [1]
    .bss               zero     0x20000ad9      0x1  My_IRQ.o [1]
    .bss               zero     0x20000ada      0x1  My_IRQ.o [1]
    .bss               zero     0x20000adb      0x1  VCAN_key.o [1]
    .bss               zero     0x20000adc      0x1  VCAN_key.o [1]
    .bss               zero     0x20000add      0x1  VCAN_key.o [1]
    .bss               zero     0x20000ade      0x1  VCAN_LCD_ST7735R.o [1]
    .bss               zero     0x20000adf      0x1  VCAN_OV7725_Eagle.o [1]
                              - 0x20000ae0   0xfba4


*******************************************************************************
*** INIT TABLE
***

          Address     Size
          -------     ----
Zero (__iar_zero_init3)
    1 destination range, total size 0xfba4:
          0x1fff0f3c  0xfba4



*******************************************************************************
*** MODULE SUMMARY
***

    Module               ro code  rw code  ro data  rw data
    ------               -------  -------  -------  -------
F:\01__飞思卡尔智能车\00__赛区赛\00_My_Project_1.0\My__SmartCar\DEMO2.0\Prj\IAR\FN15_Debug\Obj: [1]
    MK60_PIT.o               124               104
    MK60_SysTick.o           100               108
    MK60_conf.o              324             1 948    1 800
    MK60_dma.o               584               104
    MK60_flash.o                      404      508
    MK60_ftm.o             1 528               120       32
    MK60_gpio.o              324               124       20
    MK60_mcg.o             1 024       80      172       92
    MK60_port.o              188                20       20
    MK60_uart.o              752               128       24
    MK60_wdog.o               64
    My_Adjust.o              524            38 400   38 400
    My_Debug.o               556                 8        1
    My_Direct.o              484                20       32
    My_Display.o           1 224                 4        6
    My_IRQ.o                 276                          2
    My_ImageDeal.o         5 414                84   25 818
    My_Init.o                340
    My_Math.o                288
    My_Speed.o             1 484                32      132
    VCAN_ASCII.o                             1 536
    VCAN_LCD.o             1 256               116
    VCAN_LCD_ST7735R.o     7 164               116        5
    VCAN_LED.o               112                 4        4
    VCAN_OV7725_Eagle.o      652               274      107
    VCAN_SCCB.o              866
    VCAN_camera.o            152                 2
    VCAN_key.o               448                 8       59
    main.o                   128
    misc.o                    80               100
    startup_MK60DZ10.o         8
    system_MK60DZ10.o        316                         12
    vectors.o                                1 040
    -------------------------------------------------------
    Total:                26 784      484   45 080   66 566

command line: [2]
    -------------------------------------------------------
    Total:

dl7M_tlf.a: [3]
    abort.o                    6
    abs.o                      8
    exit.o                     4
    low_level_init.o           4
    printf.o                  40
    putchar.o                 12
    xfail_s.o                 68                          4
    xfiles.o                                    72      152
    xlocale_c.o               12                60       56
    xprintflarge_nomb.o    3 078
    xprout.o                  22
    -------------------------------------------------------
    Total:                 3 254               132      212

m7M_tls.a: [4]
    DblAdd.o                 376
    DblCmpLe.o                46
    DblDiv.o                 582
    DblMul.o                 402
    DblSub.o                 226
    DblToFlt.o               104
    DblToS32.o                58
    DblToU32.o                40
    FltToDbl.o                72
    S32ToDbl.o                34
    U32ToDbl.o                26
    fpinit_M.o                34
    frexp.o                  112
    -------------------------------------------------------
    Total:                 2 112

rt7M_tl.a: [5]
    ABImemcpy.o              166
    ABImemset.o              102
    I64DivMod.o              238
    I64DivZer.o                2
    XXexit.o                  12
    cexit.o                   10
    cmain.o                   26
    cstartup_M.o              12
    data_init.o               40
    memchr.o                  88
    strchr.o                  22
    strlen.o                  54
    zero_init3.o              64
    -------------------------------------------------------
    Total:                   836

    Gaps                      34                 4
    Linker created            24       16       34
-----------------------------------------------------------
    Grand Total:          33 044      500   45 250   66 778


*******************************************************************************
*** ENTRY LIST
***

Entry                      Address    Size  Type      Object
-----                      -------    ----  ----      ------
.bss$$Base              0x1fff0f3c           --   Gb  - Linker created -
.bss$$Limit             0x20000ae0           --   Gb  - Linker created -
.data$$Base             0x1fff0410           --   Gb  - Linker created -
.data$$Limit            0x1fff0d48           --   Gb  - Linker created -
.data_init$$Base        0x0000ed34           --   Gb  - Linker created -
.data_init$$Limit       0x0000f66c           --   Gb  - Linker created -
.iar.init_table$$Base   0x000130b8           --   Gb  - Linker created -
.iar.init_table$$Limit  0x000130c8           --   Gb  - Linker created -
?main                   0x00013109          Code  Gb  cmain.o [5]
ASSERT_FAILED_STR       0x00013028    0x24  Data  Gb  MK60_conf.o [1]
AbsMiddleError          0x200009c8     0x4  Data  Gb  My_ImageDeal.o [1]
Adjust_init             0x0000eb29   0x110  Code  Gb  My_Adjust.o [1]
BendNum                 0x200009c0     0x4  Data  Gb  My_ImageDeal.o [1]
BottomFind              0x0000d4e1   0x244  Code  Gb  My_ImageDeal.o [1]
CarState                0x20000ad2     0x1  Data  Gb  My_Debug.o [1]
CarTime                 0x20000a1c     0x4  Data  Gb  My_Speed.o [1]
CodeRelocate$$Base      0x000126e8           --   Gb  - Linker created -
CodeRelocate$$Limit     0x000128dc           --   Gb  - Linker created -
CodeRelocateRam$$Base   0x1fff0d48           --   Gb  - Linker created -
CodeRelocateRam$$Limit  0x1fff0f3c           --   Gb  - Linker created -
Count_Total             0x20000a34     0x4  Data  Gb  My_Speed.o [1]
Count_Total_Last        0x20000a38     0x4  Data  Gb  My_Speed.o [1]
CrossCheck              0x0000e131    0xfe  Code  Gb  My_ImageDeal.o [1]
CrossNum                0x20000ad7     0x1  Data  Gb  My_ImageDeal.o [1]
Cross_Xielv             0x200009d0     0x4  Data  Gb  My_ImageDeal.o [1]
Cross_Xielv2            0x200009d4     0x4  Data  Gb  My_ImageDeal.o [1]
CurveType               0x20000ad8     0x1  Data  Gb  My_ImageDeal.o [1]
DD_A                    0x1fff0bd0     0x4  Data  Gb  My_Direct.o [1]
DMA0_IRQHandler         0x00012b65     0x8  Code  Gb  My_IRQ.o [1]
DP_A                    0x1fff0bc4     0x4  Data  Gb  My_Direct.o [1]
DP_B                    0x1fff0bc8     0x4  Data  Gb  My_Direct.o [1]
DP_C                    0x1fff0bcc     0x4  Data  Gb  My_Direct.o [1]
Direct_PD               0x000121a5   0x1e4  Code  Gb  My_Direct.o [1]
Direct_PD::Middle_Elast
                        0x1fffa554     0x4  Data  Lc  My_Direct.o [1]
Distance                0x20000a24     0x4  Data  Gb  My_Speed.o [1]
DistanceRecord          0x00010771    0x34  Code  Gb  My_Speed.o [1]
Distance_Cross          0x20000a2c     0x4  Data  Gb  My_Speed.o [1]
Distance_Cross_GoOut    0x20000a30     0x4  Data  Gb  My_Speed.o [1]
Distance_StartLine      0x20000a28     0x4  Data  Gb  My_Speed.o [1]
Error_Pwm               0x1fffa54c     0x4  Data  Gb  My_Direct.o [1]
FTMN                    0x1fff0b18    0x10  Data  Gb  MK60_ftm.o [1]
FTM_port_mux            0x0000fc6d   0x1ac  Code  Lc  MK60_ftm.o [1]
ForeSight               0x0000df31   0x134  Code  Gb  My_ImageDeal.o [1]
GPIOX                   0x1fff0b28    0x14  Data  Gb  MK60_gpio.o [1]
GenZong                 0x0000d725   0x250  Code  Gb  My_ImageDeal.o [1]
GiveColor               0x0001121f    0x82  Code  Gb  My_Display.o [1]
Img                     0x1fffbc28  0x4b00  Data  Gb  My_ImageDeal.o [1]
ImgAgo                  0x2000072c     0x4  Data  Gb  My_ImageDeal.o [1]
ImgBufferAgo            0x1fffa558   0xb68  Data  Gb  My_ImageDeal.o [1]
ImgBufferNow            0x1fffb0c0   0xb68  Data  Gb  My_ImageDeal.o [1]
ImgNow                  0x20000728     0x4  Data  Gb  My_ImageDeal.o [1]
ImgNum                  0x200009b8     0x4  Data  Gb  My_ImageDeal.o [1]
Img_LCD_Loaction_X      0x1fff0d3c     0x2  Data  Gb  My_Display.o [1]
Img_LCD_Loaction_Y      0x1fff0d3e     0x2  Data  Gb  My_Display.o [1]
Img_P                   0x1fff0bd8    0x30  Data  Gb  My_ImageDeal.o [1]
Init_All                0x00012013    0xd0  Code  Gb  My_Init.o [1]
Jizhun_L                0x200008bc     0x4  Data  Gb  My_ImageDeal.o [1]
Jizhun_R                0x200008c0     0x4  Data  Gb  My_ImageDeal.o [1]
KEY_PTxn                0x1fff0c4c     0x8  Data  Gb  VCAN_key.o [1]
KeyTime                 0x20000ad9     0x1  Data  Gb  My_IRQ.o [1]
LCD_Camera              0x00010f7d   0x2a2  Code  Gb  My_Display.o [1]
LCD_ST7735R_dir         0x0000a9d7   0xa0c  Code  Gb  VCAN_LCD_ST7735R.o [1]
LCD_ST7735R_init        0x00009a19   0xfbe  Code  Gb  VCAN_LCD_ST7735R.o [1]
LCD_ST7735R_ptlon       0x0000b3f9   0x1ea  Code  Gb  VCAN_LCD_ST7735R.o [1]
LCD_char                0x00010b6f   0x1a4  Code  Gb  VCAN_LCD.o [1]
LCD_clear               0x00010a47    0x28  Code  Gb  VCAN_LCD.o [1]
LCD_cross               0x00010a6f   0x100  Code  Gb  VCAN_LCD.o [1]
LCD_init                0x00010949    0x2c  Code  Gb  VCAN_LCD.o [1]
LCD_num_BC              0x00010d13    0xf6  Code  Gb  VCAN_LCD.o [1]
LCD_rectangle           0x00010975    0xd2  Code  Gb  VCAN_LCD.o [1]
LED_PTxn                0x1fff0c54     0x4  Data  Gb  VCAN_LED.o [1]
Last_L                  0x200008b4     0x4  Data  Gb  My_ImageDeal.o [1]
Last_R                  0x200008b8     0x4  Data  Gb  My_ImageDeal.o [1]
Left                    0x2000074c    0x78  Data  Gb  My_ImageDeal.o [1]
Left_Init               0x1fff0c08     0x4  Data  Gb  My_ImageDeal.o [1]
LoadInt                 0x0000c0ab    0x7a  Code  Lc  xprintflarge_nomb.o [3]
Lost_L                  0x200008c4    0x78  Data  Gb  My_ImageDeal.o [1]
Lost_L_Num              0x20000ad4     0x1  Data  Gb  My_ImageDeal.o [1]
Lost_R                  0x2000093c    0x78  Data  Gb  My_ImageDeal.o [1]
Lost_R_Num              0x20000ad5     0x1  Data  Gb  My_ImageDeal.o [1]
Middle                  0x200007c4    0x78  Data  Gb  My_ImageDeal.o [1]
MiddleError             0x200009c4     0x4  Data  Gb  My_ImageDeal.o [1]
MotorOut                0x00010319    0x44  Code  Gb  My_Speed.o [1]
MotorOutMax             0x1fff0c48     0x4  Data  Gb  My_Speed.o [1]
MotorOutMin             0x200009e0     0x4  Data  Gb  My_Speed.o [1]
Motor_I                 0x1fff0c40     0x4  Data  Gb  My_Speed.o [1]
Motor_P                 0x1fff0c3c     0x4  Data  Gb  My_Speed.o [1]
My_Bluetooth            0x000123d5    0xc4  Code  Gb  My_Debug.o [1]
My_Run                  0x00011f45    0x5e  Code  Gb  main.o [1]
Myabsfloat              0x0000eb05    0x12  Code  Gb  My_Math.o [1]
NVIC_DisableIRQ         0x00011a7b    0x16  Code  Lc  VCAN_OV7725_Eagle.o [1]
NVIC_EnableIRQ          0x00011fd7    0x16  Code  Lc  My_Init.o [1]
NVIC_EnableIRQ          0x00011a65    0x16  Code  Lc  VCAN_OV7725_Eagle.o [1]
NVIC_SetPriority        0x00011fed    0x26  Code  Lc  My_Init.o [1]
NVIC_SetPriorityGrouping
                        0x00011fb9    0x1e  Code  Lc  My_Init.o [1]
NVIC_SystemReset        0x0000b889    0x1a  Code  Lc  MK60_conf.o [1]
PIT1_IRQHandler         0x00012a59    0xbc  Code  Gb  My_IRQ.o [1]
PORTA_IRQHandler        0x00012b15    0x2a  Code  Gb  My_IRQ.o [1]
PORTX                   0x1fff0b98    0x14  Data  Gb  MK60_port.o [1]
PWM_Motor1              0x20000a0c     0x4  Data  Gb  My_Speed.o [1]
PWM_Motor2              0x20000a10     0x4  Data  Gb  My_Speed.o [1]
Pwm_Out                 0x20000a14     0x4  Data  Gb  My_Speed.o [1]
Pwm_mid                 0x1fff0bd4     0x4  Data  Gb  My_Direct.o [1]
Pwm_out                 0x1fffa550     0x4  Data  Gb  My_Direct.o [1]
Refind_L                0x0000db2b   0x20a  Code  Gb  My_ImageDeal.o [1]
Refind_R                0x0000dd35   0x1f8  Code  Gb  My_ImageDeal.o [1]
Region$$Table$$Base     0x000130b8           --   Gb  - Linker created -
Region$$Table$$Limit    0x000130c8           --   Gb  - Linker created -
Reset_Handler           0x00000411          Code  Gb  startup_MK60DZ10.o [1]
Right                   0x2000083c    0x78  Data  Gb  My_ImageDeal.o [1]
Right_Init              0x1fff0c0c     0x4  Data  Gb  My_ImageDeal.o [1]
RoadType                0x20000ad3     0x1  Data  Gb  My_ImageDeal.o [1]
Row                     0x200009cc     0x4  Data  Gb  My_ImageDeal.o [1]
SCCB_Ack                0x000117d5    0x3c  Code  Lc  VCAN_SCCB.o [1]
SCCB_GPIO_init          0x0001171b    0x28  Code  Gb  VCAN_SCCB.o [1]
SCCB_NoAck              0x00011811    0x3c  Code  Lc  VCAN_SCCB.o [1]
SCCB_ReadByte           0x000119b1    0x2c  Code  Gb  VCAN_SCCB.o [1]
SCCB_ReadByte_one       0x000119dd    0x86  Code  Lc  VCAN_SCCB.o [1]
SCCB_ReceiveByte        0x000118dd    0x54  Code  Lc  VCAN_SCCB.o [1]
SCCB_SendByte           0x00011899    0x44  Code  Lc  VCAN_SCCB.o [1]
SCCB_Start              0x00011743    0x5e  Code  Lc  VCAN_SCCB.o [1]
SCCB_Stop               0x000117a1    0x34  Code  Lc  VCAN_SCCB.o [1]
SCCB_WaitAck            0x0001184d    0x4c  Code  Lc  VCAN_SCCB.o [1]
SCCB_WriteByte          0x00011941    0x28  Code  Gb  VCAN_SCCB.o [1]
SCCB_WriteByte_one      0x00011969    0x48  Code  Lc  VCAN_SCCB.o [1]
SCCB_delay              0x00011701    0x1a  Code  Lc  VCAN_SCCB.o [1]
ST7735R_get_h           0x0000b5e3     0x6  Code  Gb  VCAN_LCD_ST7735R.o [1]
ST7735R_get_w           0x0000b5e9     0x6  Code  Gb  VCAN_LCD_ST7735R.o [1]
SetZero                 0x00012499    0xbe  Code  Gb  My_Debug.o [1]
Sight                   0x1fff0c10     0x4  Data  Gb  My_ImageDeal.o [1]
Sight_Init              0x1fff0c1c     0x4  Data  Gb  My_ImageDeal.o [1]
Sight_Init_Turn         0x1fff0c28     0x4  Data  Gb  My_ImageDeal.o [1]
Sight_L                 0x1fff0c14     0x4  Data  Gb  My_ImageDeal.o [1]
Sight_L_Init            0x1fff0c20     0x4  Data  Gb  My_ImageDeal.o [1]
Sight_Last              0x200009b4     0x4  Data  Gb  My_ImageDeal.o [1]
Sight_R                 0x1fff0c18     0x4  Data  Gb  My_ImageDeal.o [1]
Sight_R_Init            0x1fff0c24     0x4  Data  Gb  My_ImageDeal.o [1]
SpeedAverage            0x20000a20     0x4  Data  Gb  My_Speed.o [1]
SpeedGoal               0x1fff0c38     0x4  Data  Gb  My_Speed.o [1]
SpeedMax                0x1fff0c2c     0x4  Data  Gb  My_Speed.o [1]
SpeedMid                0x1fff0c30     0x4  Data  Gb  My_Speed.o [1]
SpeedMin                0x1fff0c34     0x4  Data  Gb  My_Speed.o [1]
SpeedNow1               0x200009e4     0x4  Data  Gb  My_Speed.o [1]
SpeedNow2               0x200009e8     0x4  Data  Gb  My_Speed.o [1]
SpeedSet                0x00010265    0x5e  Code  Gb  My_Speed.o [1]
SpeedTime               0x20000ada     0x1  Data  Gb  My_IRQ.o [1]
Speed_I                 0x200009dc     0x4  Data  Gb  My_Speed.o [1]
Speed_Measure           0x000102c3    0x56  Code  Gb  My_Speed.o [1]
Speed_P                 0x200009d8     0x4  Data  Gb  My_Speed.o [1]
Speed_PID               0x0001035d   0x414  Code  Gb  My_Speed.o [1]
Speed_State             0x1fff0c44     0x4  Data  Gb  My_Speed.o [1]
Speed_Test1             0x200009ec     0x4  Data  Gb  My_Speed.o [1]
Speed_Test2             0x200009f0     0x4  Data  Gb  My_Speed.o [1]
Speed_error1            0x200009f4     0x4  Data  Gb  My_Speed.o [1]
Speed_error2            0x200009f8     0x4  Data  Gb  My_Speed.o [1]
Speed_flag              0x20000a18     0x4  Data  Gb  My_Speed.o [1]
Speed_last_error1       0x200009fc     0x4  Data  Gb  My_Speed.o [1]
Speed_last_error2       0x20000a00     0x4  Data  Gb  My_Speed.o [1]
Speed_second_error1     0x20000a04     0x4  Data  Gb  My_Speed.o [1]
Speed_second_error2     0x20000a08     0x4  Data  Gb  My_Speed.o [1]
StartLineCheck          0x0000ea05     0x2  Code  Gb  My_ImageDeal.o [1]
StraightCheck           0x0000e08b    0x80  Code  Gb  My_ImageDeal.o [1]
StraightNum             0x200009bc     0x4  Data  Gb  My_ImageDeal.o [1]
Switch_Init             0x00012389    0x4c  Code  Gb  My_Debug.o [1]
UARTN                   0x1fff0bac    0x18  Data  Gb  MK60_uart.o [1]
ValidLine               0x20000ad6     0x1  Data  Gb  My_ImageDeal.o [1]
_GenldLargeNoMb         0x0000c845   0x240  Code  Lc  xprintflarge_nomb.o [3]
_LdtobLargeNoMb         0x0000c5df   0x23e  Code  Lc  xprintflarge_nomb.o [3]
_LitobLargeNoMb         0x0000c48f   0x10a  Code  Lc  xprintflarge_nomb.o [3]
_Locale_lconv           0x1fff0cbc    0x38  Data  Lc  xlocale_c.o [3]
_PrintfLargeNoMb        0x0000bf15   0x190  Code  Gb  xprintflarge_nomb.o [3]
_Prout                  0x00013169    0x16  Code  Gb  xprout.o [3]
_PutcharsLargeNoMb      0x0000ca85    0x2e  Code  Lc  xprintflarge_nomb.o [3]
_PutfldLargeNoMb        0x0000c125   0x25c  Code  Lc  xprintflarge_nomb.o [3]
_PuttxtLargeNoMb        0x0000c381   0x10e  Code  Lc  xprintflarge_nomb.o [3]
__BOOT_STACK_ADDRESS {Abs}
                        0x2000fff8          Data  Gb  command line/config [2]
__VECTOR_RAM {Abs}      0x1fff0000          Data  Gb  command line/config [2]
__VECTOR_TABLE {Abs}    0x00000000          Data  Gb  command line/config [2]
__aeabi_cdcmple         0x0000cfa5          Code  Gb  DblCmpLe.o [4]
__aeabi_d2f             0x000108e1          Code  Gb  DblToFlt.o [4]
__aeabi_d2iz            0x000108a5          Code  Gb  DblToS32.o [4]
__aeabi_d2uiz           0x0000d21d          Code  Gb  DblToU32.o [4]
__aeabi_dadd            0x0000d35d          Code  Gb  DblAdd.o [4]
__aeabi_ddiv            0x0000cfd5          Code  Gb  DblDiv.o [4]
__aeabi_dmul            0x0000ccf9          Code  Gb  DblMul.o [4]
__aeabi_dsub            0x0000d261          Code  Gb  DblSub.o [4]
__aeabi_f2d             0x0001085d          Code  Gb  FltToDbl.o [4]
__aeabi_i2d             0x00010839          Code  Gb  S32ToDbl.o [4]
__aeabi_ldiv0           0x0000d359          Code  Gb  I64DivZer.o [5]
__aeabi_memcpy          0x0000ce8d          Code  Gb  ABImemcpy.o [5]
__aeabi_memcpy4         0x0000cead          Code  Gb  ABImemcpy.o [5]
__aeabi_memcpy8         0x0000cead          Code  Gb  ABImemcpy.o [5]
__aeabi_memset          0x00012681          Code  Gb  ABImemset.o [5]
__aeabi_ui2d            0x0000d245          Code  Gb  U32ToDbl.o [4]
__aeabi_uldivmod        0x0000cc09          Code  Gb  I64DivMod.o [5]
__cmain                 0x00013109          Code  Gb  cmain.o [5]
__code_start__ {Abs}    0x00000410          Data  Gb  command line/config [2]
__exit                  0x0000d4d5          Code  Gb  XXexit.o [5]
__iar_Fail_s            0x0000cb35    0x1e  Code  Gb  xfail_s.o [3]
__iar_Memchr            0x0000cbb1          Code  Gb  memchr.o [5]
__iar_Memset            0x00012681          Code  Gb  ABImemset.o [5]
__iar_Memset_word       0x00012689          Code  Gb  ABImemset.o [5]
__iar_Stdout            0x1fff0cf4    0x48  Data  Gb  xfiles.o [3]
__iar_Strchr            0x0000cb1d          Code  Gb  strchr.o [5]
__iar_dadd              0x0000d271          Code  Gb  DblSub.o [4]
__iar_data_init3        0x00013001    0x28  Code  Gb  data_init.o [5]
__iar_dsub              0x0000d36d          Code  Gb  DblAdd.o [4]
__iar_dsubStart         0x0000d37f          Code  Gb  DblAdd.o [4]
__iar_frexp             0x0000cf41          Code  Gb  frexp.o [4]
__iar_frexpl            0x0000cf41          Code  Gb  frexp.o [4]
__iar_init_vfp          0x00013095          Code  Gb  fpinit_M.o [4]
__iar_program_start     0x000131b5          Code  Gb  cstartup_M.o [5]
__iar_softfp___iar_frexp64
                        0x0000cf35          Code  Gb  frexp.o [4]
__iar_softfp_frexp      0x0000cf35          Code  Gb  frexp.o [4]
__iar_softfp_frexpl     0x0000cf35          Code  Gb  frexp.o [4]
__iar_systems$$module {Abs}
                        0x00000001          Data  Gb  command line/config [2]
__iar_zero_init3        0x00012f85    0x40  Code  Gb  zero_init3.o [5]
__low_level_init        0x00013123     0x4  Code  Gb  low_level_init.o [3]
__vector_table          0x00000000   0x410  Data  Gb  vectors.o [1]
_call_main              0x00013115          Code  Gb  cmain.o [5]
_exit                   0x0001312d          Code  Gb  cexit.o [5]
_main                   0x0001311f          Code  Gb  cmain.o [5]
a2                      0x20000730     0x4  Data  Gb  My_ImageDeal.o [1]
abort                   0x0000d351     0x6  Code  Gb  abort.o [3]
abs                     0x00010831     0x8  Code  Gb  abs.o [3]
abs_sub                 0x0000eb17    0x12  Code  Gb  My_Math.o [1]
ascii_8x16              0x0000f66c   0x600  Data  Gb  VCAN_ASCII.o [1]
assert_failed           0x0000b8a3    0x26  Code  Gb  MK60_conf.o [1]
b2                      0x20000734     0x4  Data  Gb  My_ImageDeal.o [1]
bus_clk_khz             0x20000a44     0x4  Data  Gb  system_MK60DZ10.o [1]
c2                      0x20000738     0x4  Data  Gb  My_ImageDeal.o [1]
common_startup          0x00012947    0x94  Code  Gb  system_MK60DZ10.o [1]
core_clk_khz            0x20000a3c     0x4  Data  Gb  system_MK60DZ10.o [1]
core_clk_mhz            0x20000a40     0x4  Data  Gb  system_MK60DZ10.o [1]
d2                      0x2000073c     0x4  Data  Gb  My_ImageDeal.o [1]
default_isr             0x0000b977    0x34  Code  Gb  MK60_conf.o [1]
display                 0x00010e31   0x14c  Code  Gb  My_Display.o [1]
dma_gpio_input_init     0x00011cf1    0x62  Code  Lc  MK60_dma.o [1]
dma_portx2buff_init     0x00011d53   0x1b0  Code  Gb  MK60_dma.o [1]
e2                      0x20000740     0x4  Data  Gb  My_ImageDeal.o [1]
exit                    0x00013127     0x4  Code  Gb  exit.o [3]
f2                      0x20000744     0x4  Data  Gb  My_ImageDeal.o [1]
fanjiaozheng_x          0x0000ec39    0xbc  Code  Gb  My_Adjust.o [1]
flag_camera_suan        0x20000adf     0x1  Data  Gb  VCAN_OV7725_Eagle.o [1]
flash_cmd               0x1fff0d59    0x20  Code  Gb  MK60_flash.o [1]
flash_erase_sector      0x1fff0d9d    0x5c  Code  Gb  MK60_flash.o [1]
flash_init              0x1fff0d79    0x24  Code  Gb  MK60_flash.o [1]
flash_write             0x1fff0df9    0xb6  Code  Gb  MK60_flash.o [1]
fputc                   0x0000b8c9    0x14  Code  Gb  MK60_conf.o [1]
ftm_mod                 0x1fff0f3c    0x10  Data  Lc  MK60_ftm.o [1]
ftm_pwm_duty            0x0000ffcb   0x126  Code  Gb  MK60_ftm.o [1]
ftm_pwm_init            0x0000fe19   0x1b2  Code  Gb  MK60_ftm.o [1]
ftm_quad_clean          0x00010223    0x28  Code  Gb  MK60_ftm.o [1]
ftm_quad_get            0x000101f7    0x2c  Code  Gb  MK60_ftm.o [1]
ftm_quad_init           0x000100f1   0x106  Code  Gb  MK60_ftm.o [1]
gpio_get                0x0000b70f    0x3e  Code  Gb  MK60_gpio.o [1]
gpio_init               0x0000b615    0xbe  Code  Gb  MK60_gpio.o [1]
gpio_turn               0x0000b6d3    0x3c  Code  Gb  MK60_gpio.o [1]
img_extract             0x0001210d    0x98  Code  Gb  VCAN_camera.o [1]
jisuan_Middle           0x0000d975   0x1b6  Code  Gb  My_ImageDeal.o [1]
jisuan_piancha          0x0000e8b9    0xc4  Code  Gb  My_ImageDeal.o [1]
jisuan_xielv_orginal    0x0000ea09    0xf6  Code  Gb  My_Math.o [1]
judge_crossxieL         0x0000e59d   0x316  Code  Gb  My_ImageDeal.o [1]
judge_crossxieR         0x0000e241   0x350  Code  Gb  My_ImageDeal.o [1]
judge_road              0x0000e069    0x22  Code  Gb  My_ImageDeal.o [1]
key_IRQHandler          0x0000be4f    0xae  Code  Gb  VCAN_key.o [1]
key_IRQHandler::keytime
                        0x20000a70     0x8  Data  Lc  VCAN_key.o [1]
key_check               0x0000bdc1    0x2a  Code  Gb  VCAN_key.o [1]
key_get                 0x0000bda7    0x1a  Code  Gb  VCAN_key.o [1]
key_init                0x0000bd55    0x52  Code  Gb  VCAN_key.o [1]
key_msg                 0x20000a48    0x28  Data  Gb  VCAN_key.o [1]
key_msg_flag            0x20000add     0x1  Data  Gb  VCAN_key.o [1]
key_msg_front           0x20000adb     0x1  Data  Gb  VCAN_key.o [1]
key_msg_rear            0x20000adc     0x1  Data  Gb  VCAN_key.o [1]
led_init                0x0000b9cd    0x3a  Code  Gb  VCAN_LED.o [1]
led_turn                0x0000ba07    0x32  Code  Gb  VCAN_LED.o [1]
localeconv              0x0000d345     0x4  Code  Gb  xlocale_c.o [3]
main                    0x00011f39     0xc  Code  Gb  main.o [1]
mcg_cfg                 0x1fff0b3c    0x58  Data  Gb  MK60_mcg.o [1]
mcg_div                 0x1fff0b94     0x4  Data  Gb  MK60_mcg.o [1]
mcg_div_count           0x00011301   0x332  Code  Gb  MK60_mcg.o [1]
memchr                  0x0000cbb1          Code  Gb  memchr.o [5]
obuf                    0x20000a80    0x50  Data  Lc  xfiles.o [3]
ov7725_eagle_cfgnum     0x1fff0d45     0x1  Data  Gb  VCAN_OV7725_Eagle.o [1]
ov7725_eagle_dma        0x00011b75    0x14  Code  Gb  VCAN_OV7725_Eagle.o [1]
ov7725_eagle_get_img    0x00011b89    0x54  Code  Gb  VCAN_OV7725_Eagle.o [1]
ov7725_eagle_img_buff   0x20000a78     0x4  Data  Gb  VCAN_OV7725_Eagle.o [1]
ov7725_eagle_img_flag   0x1fff0d44     0x1  Data  Gb  VCAN_OV7725_Eagle.o [1]
ov7725_eagle_init       0x00011a91    0x24  Code  Gb  VCAN_OV7725_Eagle.o [1]
ov7725_eagle_port_init  0x00011ab5    0x54  Code  Lc  VCAN_OV7725_Eagle.o [1]
ov7725_eagle_reg        0x1fff0c58    0x64  Data  Gb  VCAN_OV7725_Eagle.o [1]
ov7725_eagle_reg_init   0x00011bdd    0xb2  Code  Lc  VCAN_OV7725_Eagle.o [1]
ov7725_eagle_vsync      0x00011b09    0x6c  Code  Gb  VCAN_OV7725_Eagle.o [1]
page                    0x20000ad0     0x2  Data  Gb  My_Display.o [1]
pit_init                0x000125b5    0x6c  Code  Gb  MK60_PIT.o [1]
pll_init                0x00011633    0xb2  Code  Gb  MK60_mcg.o [1]
port_init               0x0000b759    0x4a  Code  Gb  MK60_port.o [1]
port_init_NoALT         0x0000b7a3    0x6a  Code  Gb  MK60_port.o [1]
printf                  0x0000ba3d    0x28  Code  Gb  printf.o [3]
putchar                 0x00013181     0xc  Code  Gb  putchar.o [3]
real_x                  0x1fff0f4c  0x4b00  Data  Gb  My_Adjust.o [1]
real_y                  0x1fff5a4c  0x4b00  Data  Gb  My_Adjust.o [1]
scale                   0x0000c599    0x46  Code  Lc  xprintflarge_nomb.o [3]
sec_hand                0x20000a7c     0x4  Data  Lc  xfail_s.o [3]
send_key_msg            0x0000bdeb    0x64  Code  Gb  VCAN_key.o [1]
set_sys_dividers        0x1fff0eed    0x50  Code  Gb  MK60_mcg.o [1]
set_vector_handler      0x00012653    0x22  Code  Gb  misc.o [1]
st7735r_dir             0x20000ade     0x1  Data  Gb  VCAN_LCD_ST7735R.o [1]
st7735r_h               0x1fff0d40     0x2  Data  Gb  VCAN_LCD_ST7735R.o [1]
st7735r_w               0x1fff0d42     0x2  Data  Gb  VCAN_LCD_ST7735R.o [1]
start                   0x000128dd    0x2e  Code  Gb  system_MK60DZ10.o [1]
start_check             0x0000b8dd    0x9a  Code  Gb  MK60_conf.o [1]
strchr                  0x0000cb1d          Code  Gb  strchr.o [5]
strlen                  0x0000cb79          Code  Gb  strlen.o [5]
sysinit                 0x0001290b    0x3c  Code  Gb  system_MK60DZ10.o [1]
systick_delay           0x0000b815    0x36  Code  Gb  MK60_SysTick.o [1]
systick_delay_ms        0x0000b84b    0x18  Code  Gb  MK60_SysTick.o [1]
uart_init               0x0000ba65   0x214  Code  Gb  MK60_uart.o [1]
uart_putchar            0x0000bcff    0x1a  Code  Gb  MK60_uart.o [1]
uart_putstr             0x0000bd19    0x22  Code  Gb  MK60_uart.o [1]
uart_querychar          0x0000bc79    0x2a  Code  Gb  MK60_uart.o [1]
uart_querystr           0x0000bca3    0x5c  Code  Gb  MK60_uart.o [1]
v2                      0x20000748     0x4  Data  Gb  My_ImageDeal.o [1]
vector_str              0x1fff0410   0x708  Data  Gb  MK60_conf.o [1]
wdog_disable            0x00012a19    0x16  Code  Gb  MK60_wdog.o [1]
wdog_unlock             0x00012a2f    0x20  Code  Lc  MK60_wdog.o [1]
write_vtor              0x00012631    0x22  Code  Gb  misc.o [1]


[1] = F:\01__飞思卡尔智能车\00__赛区赛\00_My_Project_1.0\My__SmartCar\DEMO2.0\Prj\IAR\FN15_Debug\Obj
[2] = command line
[3] = dl7M_tlf.a
[4] = m7M_tls.a
[5] = rt7M_tl.a

  33 044 bytes of readonly  code memory
     500 bytes of readwrite code memory
  45 250 bytes of readonly  data memory
  66 778 bytes of readwrite data memory

Errors: none
Warnings: none
