###############################################################################
#
# IAR ELF Linker V8.11.1.13263/W32 for ARM                31/May/2017  20:11:50
# Copyright 2007-2017 IAR Systems AB.
#
#    Output file  =  
#        F:\01__飞思卡尔智能车\00__赛区赛\舵机测试\Prj\IAR\FN15_Debug\Exe\vcan_Kinetis.out
#    Map file     =  
#        F:\01__飞思卡尔智能车\00__赛区赛\舵机测试\Prj\IAR\FN15_Debug\List\vcan_Kinetis.map
#    Command line =  
#        -f C:\Users\DELL\AppData\Local\Temp\EW4CF7.tmp
#        (F:\01__飞思卡尔智能车\00__赛区赛\舵机测试\Prj\IAR\FN15_Debug\Obj\diskio.o
#        F:\01__飞思卡尔智能车\00__赛区赛\舵机测试\Prj\IAR\FN15_Debug\Obj\ff.o
#        F:\01__飞思卡尔智能车\00__赛区赛\舵机测试\Prj\IAR\FN15_Debug\Obj\main.o
#        F:\01__飞思卡尔智能车\00__赛区赛\舵机测试\Prj\IAR\FN15_Debug\Obj\misc.o
#        F:\01__飞思卡尔智能车\00__赛区赛\舵机测试\Prj\IAR\FN15_Debug\Obj\MK60_adc.o
#        F:\01__飞思卡尔智能车\00__赛区赛\舵机测试\Prj\IAR\FN15_Debug\Obj\MK60_can.o
#        F:\01__飞思卡尔智能车\00__赛区赛\舵机测试\Prj\IAR\FN15_Debug\Obj\MK60_conf.o
#        F:\01__飞思卡尔智能车\00__赛区赛\舵机测试\Prj\IAR\FN15_Debug\Obj\MK60_dac.o
#        F:\01__飞思卡尔智能车\00__赛区赛\舵机测试\Prj\IAR\FN15_Debug\Obj\MK60_dma.o
#        F:\01__飞思卡尔智能车\00__赛区赛\舵机测试\Prj\IAR\FN15_Debug\Obj\MK60_DWT.o
#        F:\01__飞思卡尔智能车\00__赛区赛\舵机测试\Prj\IAR\FN15_Debug\Obj\MK60_flash.o
#        F:\01__飞思卡尔智能车\00__赛区赛\舵机测试\Prj\IAR\FN15_Debug\Obj\MK60_flexbus.o
#        F:\01__飞思卡尔智能车\00__赛区赛\舵机测试\Prj\IAR\FN15_Debug\Obj\MK60_ftm.o
#        F:\01__飞思卡尔智能车\00__赛区赛\舵机测试\Prj\IAR\FN15_Debug\Obj\MK60_gpio.o
#        F:\01__飞思卡尔智能车\00__赛区赛\舵机测试\Prj\IAR\FN15_Debug\Obj\MK60_i2c.o
#        F:\01__飞思卡尔智能车\00__赛区赛\舵机测试\Prj\IAR\FN15_Debug\Obj\MK60_it.o
#        F:\01__飞思卡尔智能车\00__赛区赛\舵机测试\Prj\IAR\FN15_Debug\Obj\MK60_lptmr.o
#        F:\01__飞思卡尔智能车\00__赛区赛\舵机测试\Prj\IAR\FN15_Debug\Obj\MK60_mcg.o
#        F:\01__飞思卡尔智能车\00__赛区赛\舵机测试\Prj\IAR\FN15_Debug\Obj\MK60_PIT.o
#        F:\01__飞思卡尔智能车\00__赛区赛\舵机测试\Prj\IAR\FN15_Debug\Obj\MK60_port.o
#        F:\01__飞思卡尔智能车\00__赛区赛\舵机测试\Prj\IAR\FN15_Debug\Obj\MK60_rtc.o
#        F:\01__飞思卡尔智能车\00__赛区赛\舵机测试\Prj\IAR\FN15_Debug\Obj\MK60_sdhc.o
#        F:\01__飞思卡尔智能车\00__赛区赛\舵机测试\Prj\IAR\FN15_Debug\Obj\MK60_spi.o
#        F:\01__飞思卡尔智能车\00__赛区赛\舵机测试\Prj\IAR\FN15_Debug\Obj\MK60_SysTick.o
#        F:\01__飞思卡尔智能车\00__赛区赛\舵机测试\Prj\IAR\FN15_Debug\Obj\MK60_uart.o
#        F:\01__飞思卡尔智能车\00__赛区赛\舵机测试\Prj\IAR\FN15_Debug\Obj\MK60_usb.o
#        F:\01__飞思卡尔智能车\00__赛区赛\舵机测试\Prj\IAR\FN15_Debug\Obj\MK60_wdog.o
#        F:\01__飞思卡尔智能车\00__赛区赛\舵机测试\Prj\IAR\FN15_Debug\Obj\startup_MK60DZ10.o
#        F:\01__飞思卡尔智能车\00__赛区赛\舵机测试\Prj\IAR\FN15_Debug\Obj\system_MK60DZ10.o
#        F:\01__飞思卡尔智能车\00__赛区赛\舵机测试\Prj\IAR\FN15_Debug\Obj\USB.o
#        F:\01__飞思卡尔智能车\00__赛区赛\舵机测试\Prj\IAR\FN15_Debug\Obj\USB_CDC.o
#        F:\01__飞思卡尔智能车\00__赛区赛\舵机测试\Prj\IAR\FN15_Debug\Obj\VCAN_ASCII.o
#        F:\01__飞思卡尔智能车\00__赛区赛\舵机测试\Prj\IAR\FN15_Debug\Obj\VCAN_BMP.o
#        F:\01__飞思卡尔智能车\00__赛区赛\舵机测试\Prj\IAR\FN15_Debug\Obj\VCAN_camera.o
#        F:\01__飞思卡尔智能车\00__赛区赛\舵机测试\Prj\IAR\FN15_Debug\Obj\VCAN_computer.o
#        F:\01__飞思卡尔智能车\00__赛区赛\舵机测试\Prj\IAR\FN15_Debug\Obj\vcan_img2sd.o
#        F:\01__飞思卡尔智能车\00__赛区赛\舵机测试\Prj\IAR\FN15_Debug\Obj\VCAN_key.o
#        F:\01__飞思卡尔智能车\00__赛区赛\舵机测试\Prj\IAR\FN15_Debug\Obj\VCAN_key_event.o
#        F:\01__飞思卡尔智能车\00__赛区赛\舵机测试\Prj\IAR\FN15_Debug\Obj\VCAN_LCD.o
#        F:\01__飞思卡尔智能车\00__赛区赛\舵机测试\Prj\IAR\FN15_Debug\Obj\VCAN_LCD_CH.o
#        F:\01__飞思卡尔智能车\00__赛区赛\舵机测试\Prj\IAR\FN15_Debug\Obj\VCAN_LCD_ILI9341.o
#        F:\01__飞思卡尔智能车\00__赛区赛\舵机测试\Prj\IAR\FN15_Debug\Obj\VCAN_LCD_ST7735R.o
#        F:\01__飞思卡尔智能车\00__赛区赛\舵机测试\Prj\IAR\FN15_Debug\Obj\VCAN_LCD_ST7735S.o
#        F:\01__飞思卡尔智能车\00__赛区赛\舵机测试\Prj\IAR\FN15_Debug\Obj\VCAN_LED.o
#        F:\01__飞思卡尔智能车\00__赛区赛\舵机测试\Prj\IAR\FN15_Debug\Obj\VCAN_MMA7455.o
#        F:\01__飞思卡尔智能车\00__赛区赛\舵机测试\Prj\IAR\FN15_Debug\Obj\VCAN_NRF24L0.o
#        F:\01__飞思卡尔智能车\00__赛区赛\舵机测试\Prj\IAR\FN15_Debug\Obj\VCAN_NRF24L0_MSG.o
#        F:\01__飞思卡尔智能车\00__赛区赛\舵机测试\Prj\IAR\FN15_Debug\Obj\VCAN_OV7725_Eagle.o
#        F:\01__飞思卡尔智能车\00__赛区赛\舵机测试\Prj\IAR\FN15_Debug\Obj\VCAN_OV7725_Wolf.o
#        F:\01__飞思卡尔智能车\00__赛区赛\舵机测试\Prj\IAR\FN15_Debug\Obj\VCAN_RTC_count.o
#        F:\01__飞思卡尔智能车\00__赛区赛\舵机测试\Prj\IAR\FN15_Debug\Obj\VCAN_SCCB.o
#        F:\01__飞思卡尔智能车\00__赛区赛\舵机测试\Prj\IAR\FN15_Debug\Obj\vcan_sd_app.o
#        F:\01__飞思卡尔智能车\00__赛区赛\舵机测试\Prj\IAR\FN15_Debug\Obj\Vcan_touch.o
#        F:\01__飞思卡尔智能车\00__赛区赛\舵机测试\Prj\IAR\FN15_Debug\Obj\VCAN_TSL1401.o
#        F:\01__飞思卡尔智能车\00__赛区赛\舵机测试\Prj\IAR\FN15_Debug\Obj\VCAN_UI_VAR.o
#        F:\01__飞思卡尔智能车\00__赛区赛\舵机测试\Prj\IAR\FN15_Debug\Obj\vectors.o
#        --redirect _Printf=_PrintfLargeNoMb --redirect _Scanf=_ScanfLargeNoMb
#        -o
#        F:\01__飞思卡尔智能车\00__赛区赛\舵机测试\Prj\IAR\FN15_Debug\Exe\vcan_Kinetis.out
#        --map
#        F:\01__飞思卡尔智能车\00__赛区赛\舵机测试\Prj\IAR\FN15_Debug\List\vcan_Kinetis.map
#        --config
#        "F:\01__飞思卡尔智能车\00__赛区赛\舵机测试\Prj\IAR\config
#        files\vcan_ROM_K60N512.icf"
#        F:\01__飞思卡尔智能车\00__赛区赛\舵机测试\Prj\IAR\..\..\Lib\CMSIS\iar_cortexM4l_math.a
#        --entry __iar_program_start --redirect __write=__write_buffered --vfe
#        --text_out locale)
#
###############################################################################

*******************************************************************************
*** RUNTIME MODEL ATTRIBUTES
***

CppFlavor       = *
__SystemLibrary = DLib
__dlib_version  = 6


*******************************************************************************
*** HEAP SELECTION
***

The basic heap was selected because no calls to memory allocation
functions were found in the application outside of system library
functions, and there are calls to deallocation functions in the
application.


*******************************************************************************
*** PLACEMENT SUMMARY
***

"A0":  place at 0x00000000 { ro section .intvec };
"A1":  place at 0x00000410 { ro section .noinit };
"P1":  place in [from 0x00000000 to 0x00080000] { ro, block CodeRelocate };
"P2":  place in [from 0x1fff0410 to 0x20010000] {
          rw, block CodeRelocateRam, block CSTACK, block HEAP };
initialize manually with packing = copy, complex ranges { section .data };
initialize manually with packing = copy, complex ranges { section .textrw };

  Section              Kind        Address    Size  Object
  -------              ----        -------    ----  ------
"A0":                                        0x410
  .intvec              const    0x00000000   0x410  vectors.o [1]
                              - 0x00000410   0x410

"A1":                                          0x8
  .noinit              ro code  0x00000410     0x8  startup_MK60DZ10.o [1]
                              - 0x00000418     0x8

"P1":                                       0x37b8
  .text                ro code  0x00000418   0xc06  xprintflarge_nomb.o [3]
  .text                ro code  0x00001020    0x16  strchr.o [5]
  .text                ro code  0x00001038    0x44  xfail_s.o [3]
  .text                ro code  0x0000107c    0x36  strlen.o [5]
  .text                ro code  0x000010b4    0x58  memchr.o [5]
  .text                ro code  0x0000110c    0xee  I64DivMod.o [5]
  .text                ro code  0x000011fc   0x192  DblMul.o [4]
  .text                ro code  0x00001390    0xa6  ABImemcpy.o [5]
  .text                ro code  0x00001438    0x70  frexp.o [4]
  .text                ro code  0x000014a8    0x2e  DblCmpLe.o [4]
  .text                ro code  0x000014d8   0x246  DblDiv.o [4]
  .text                ro code  0x00001720    0x28  DblToU32.o [4]
  .text                ro code  0x00001748    0x1a  U32ToDbl.o [4]
  .text                ro code  0x00001764    0xe2  DblSub.o [4]
  .text                ro code  0x00001848     0xc  xlocale_c.o [3]
  .text                ro code  0x00001854     0x6  abort.o [3]
  .text                ro code  0x0000185c     0x2  I64DivZer.o [5]
  .text                ro code  0x00001860   0x168  DblAdd.o [4]
  .text                ro code  0x000019c8     0xc  XXexit.o [5]
  .data_init                    0x000019d4   0x844  <Block>
    Initializer bytes  const    0x000019d4   0x844  <for .data-1>
  .text                ro code  0x00002218   0x49c  MK60_ftm.o [1]
  .text                ro code  0x000026b4    0xbc  MK60_port.o [1]
  Veneer               ro code  0x00002770     0x8  - Linker created -
  Veneer               ro code  0x00002778     0x8  - Linker created -
  .text                ro code  0x00002780   0x144  MK60_conf.o [1]
  .text                ro code  0x000028c4    0x70  VCAN_LED.o [1]
  .text                ro code  0x00002934    0x28  printf.o [3]
  .text                ro code  0x0000295c    0x64  MK60_SysTick.o [1]
  .text                ro code  0x000029c0   0x2f0  MK60_uart.o [1]
  .text                ro code  0x00002cb0    0x9c  VCAN_key.o [1]
  .text                ro code  0x00002d4c   0x144  MK60_gpio.o [1]
  Veneer               ro code  0x00002e90     0x8  - Linker created -
  .text                ro code  0x00002e98   0x400  MK60_mcg.o [1]
  .text                ro code  0x00003298   0x240  main.o [1]
  CodeRelocate                  0x000034d8   0x1f4  <Block>
    Initializer bytes  const    0x000034d8   0x1f4  <for CodeRelocateRam-1>
  .text                ro code  0x000036cc   0x12c  system_MK60DZ10.o [1]
  .text                ro code  0x000037f8    0x40  MK60_wdog.o [1]
  .text                ro code  0x00003838    0x2c  misc.o [1]
  .rodata              const    0x00003864    0x50  MK60_flash.o [1]
  .rodata              const    0x000038b4    0x50  MK60_gpio.o [1]
  .rodata              const    0x00003904    0x50  MK60_SysTick.o [1]
  .rodata              const    0x00003954    0x50  MK60_uart.o [1]
  .rodata              const    0x000039a4    0x4c  MK60_ftm.o [1]
  .rodata              const    0x000039f0    0x48  misc.o [1]
  .text                ro code  0x00003a38    0x40  zero_init3.o [5]
  .rodata              const    0x00003a78    0x3c  MK60_conf.o [1]
  .text                ro code  0x00003ab4    0x28  data_init.o [5]
  .rodata              const    0x00003adc    0x24  MK60_conf.o [1]
  .text                ro code  0x00003b00    0x22  fpinit_M.o [4]
  .iar.init_table      const    0x00003b24    0x10  - Linker created -
  .rodata              const    0x00003b34    0x20  MK60_conf.o [1]
  .text                ro code  0x00003b54    0x1a  cmain.o [5]
  .text                ro code  0x00003b6e     0x4  low_level_init.o [3]
  .text                ro code  0x00003b72     0x4  exit.o [3]
  .text                ro code  0x00003b78     0xa  cexit.o [5]
  .text                ro code  0x00003b82    0x16  xprout.o [3]
  .text                ro code  0x00003b98     0xc  putchar.o [3]
  .rodata              const    0x00003ba4    0x14  MK60_conf.o [1]
  .text                ro code  0x00003bb8     0xc  cstartup_M.o [5]
  .rodata              const    0x00003bc4     0x8  main.o [1]
  .rodata              const    0x00003bcc     0x4  xlocale_c.o [3]
  .rodata              const    0x00003bd0     0x0  zero_init3.o [5]
                              - 0x00003bd0  0x37b8

"P2", part 1 of 2:                           0xa38
  .data                         0x1fff0410   0x844  <Block>
    .data-1                     0x1fff0410   0x843  <Init block>
      .data            inited   0x1fff0410   0x708  MK60_conf.o [1]
      .data            inited   0x1fff0b18    0x10  MK60_ftm.o [1]
      .data            inited   0x1fff0b28    0x14  MK60_gpio.o [1]
      .data            inited   0x1fff0b3c    0x58  MK60_mcg.o [1]
      .data            inited   0x1fff0b94     0x4  MK60_mcg.o [1]
      .data            inited   0x1fff0b98    0x14  MK60_port.o [1]
      .data            inited   0x1fff0bac    0x18  MK60_uart.o [1]
      .data            inited   0x1fff0bc4     0x8  VCAN_key.o [1]
      .data            inited   0x1fff0bcc     0x4  VCAN_LED.o [1]
      .data            inited   0x1fff0bd0    0x38  xlocale_c.o [3]
      .data            inited   0x1fff0c08    0x48  xfiles.o [3]
      .data            inited   0x1fff0c50     0x2  main.o [1]
      .data            inited   0x1fff0c52     0x1  main.o [1]
  CodeRelocateRam               0x1fff0c54   0x1f4  <Block>
    CodeRelocateRam-1           0x1fff0c54   0x1f4  <Init block>
      Veneer           inited   0x1fff0c54     0x8  - Linker created -
      Veneer           inited   0x1fff0c5c     0x8  - Linker created -
      .textrw          inited   0x1fff0c64   0x194  MK60_flash.o [1]
      .textrw          inited   0x1fff0df8    0x50  MK60_mcg.o [1]
                              - 0x1fff0e48   0xa38

"P2", part 2 of 2:                            0x70
  .bss                          0x1fff0e48    0x70  <Block>
    .bss               zero     0x1fff0e48    0x10  MK60_ftm.o [1]
    .bss               zero     0x1fff0e58     0x4  system_MK60DZ10.o [1]
    .bss               zero     0x1fff0e5c     0x4  system_MK60DZ10.o [1]
    .bss               zero     0x1fff0e60     0x4  system_MK60DZ10.o [1]
    .bss               zero     0x1fff0e64     0x4  xfail_s.o [3]
    .bss               zero     0x1fff0e68    0x50  xfiles.o [3]
                              - 0x1fff0eb8    0x70


*******************************************************************************
*** INIT TABLE
***

          Address     Size
          -------     ----
Zero (__iar_zero_init3)
    1 destination range, total size 0x70:
          0x1fff0e48  0x70



*******************************************************************************
*** MODULE SUMMARY
***

    Module               ro code  rw code  ro data  rw data
    ------               -------  -------  -------  -------
F:\01__飞思卡尔智能车\00__赛区赛\舵机测试\Prj\IAR\FN15_Debug\Obj: [1]
    MK60_SysTick.o           100                80
    MK60_conf.o              324             1 948    1 800
    MK60_flash.o                      404      484
    MK60_ftm.o             1 180                92       32
    MK60_gpio.o              324               100       20
    MK60_mcg.o             1 024       80      172       92
    MK60_port.o              188                20       20
    MK60_uart.o              752               104       24
    MK60_wdog.o               64
    VCAN_LED.o               112                 4        4
    VCAN_key.o               156                 8        8
    main.o                   576                11        3
    misc.o                    44                72
    startup_MK60DZ10.o         8
    system_MK60DZ10.o        300                         12
    vectors.o                                1 040
    -------------------------------------------------------
    Total:                 5 152      484    4 135    2 015

command line: [2]
    -------------------------------------------------------
    Total:

dl7M_tlf.a: [3]
    abort.o                    6
    exit.o                     4
    low_level_init.o           4
    printf.o                  40
    putchar.o                 12
    xfail_s.o                 68                          4
    xfiles.o                                    72      152
    xlocale_c.o               12                60       56
    xprintflarge_nomb.o    3 078
    xprout.o                  22
    -------------------------------------------------------
    Total:                 3 246               132      212

m7M_tls.a: [4]
    DblAdd.o                 360
    DblCmpLe.o                46
    DblDiv.o                 582
    DblMul.o                 402
    DblSub.o                 226
    DblToU32.o                40
    U32ToDbl.o                26
    fpinit_M.o                34
    frexp.o                  112
    -------------------------------------------------------
    Total:                 1 828

rt7M_tl.a: [5]
    ABImemcpy.o              166
    I64DivMod.o              238
    I64DivZer.o                2
    XXexit.o                  12
    cexit.o                   10
    cmain.o                   26
    cstartup_M.o              12
    data_init.o               40
    memchr.o                  88
    strchr.o                  22
    strlen.o                  54
    zero_init3.o              64
    -------------------------------------------------------
    Total:                   734

    Gaps                      26                 2
    Linker created            24       16       33
-----------------------------------------------------------
    Grand Total:          11 010      500    4 302    2 227


*******************************************************************************
*** ENTRY LIST
***

Entry                      Address   Size  Type      Object
-----                      -------   ----  ----      ------
.bss$$Base              0x1fff0e48          --   Gb  - Linker created -
.bss$$Limit             0x1fff0eb8          --   Gb  - Linker created -
.data$$Base             0x1fff0410          --   Gb  - Linker created -
.data$$Limit            0x1fff0c54          --   Gb  - Linker created -
.data_init$$Base        0x000019d4          --   Gb  - Linker created -
.data_init$$Limit       0x00002218          --   Gb  - Linker created -
.iar.init_table$$Base   0x00003b24          --   Gb  - Linker created -
.iar.init_table$$Limit  0x00003b34          --   Gb  - Linker created -
?main                   0x00003b55         Code  Gb  cmain.o [5]
ASSERT_FAILED_STR       0x00003adc   0x24  Data  Gb  MK60_conf.o [1]
CodeRelocate$$Base      0x000034d8          --   Gb  - Linker created -
CodeRelocate$$Limit     0x000036cc          --   Gb  - Linker created -
CodeRelocateRam$$Base   0x1fff0c54          --   Gb  - Linker created -
CodeRelocateRam$$Limit  0x1fff0e48          --   Gb  - Linker created -
FTMN                    0x1fff0b18   0x10  Data  Gb  MK60_ftm.o [1]
FTM_port_mux            0x00002219  0x1ac  Code  Lc  MK60_ftm.o [1]
GPIOX                   0x1fff0b28   0x14  Data  Gb  MK60_gpio.o [1]
HX_flag0                0x1fff0c52    0x1  Data  Gb  main.o [1]
KEY_PTxn                0x1fff0bc4    0x8  Data  Gb  VCAN_key.o [1]
LED_PTxn                0x1fff0bcc    0x4  Data  Gb  VCAN_LED.o [1]
LY_PID                  0x0000336b  0x15c  Code  Gb  main.o [1]
LoadInt                 0x000005af   0x7a  Code  Lc  xprintflarge_nomb.o [3]
NVIC_SystemReset        0x00002781   0x1a  Code  Lc  MK60_conf.o [1]
PORTX                   0x1fff0b98   0x14  Data  Gb  MK60_port.o [1]
Pwm_Value               0x1fff0c50    0x2  Data  Gb  main.o [1]
Region$$Table$$Base     0x00003b24          --   Gb  - Linker created -
Region$$Table$$Limit    0x00003b34          --   Gb  - Linker created -
Reset_Handler           0x00000411         Code  Gb  startup_MK60DZ10.o [1]
UARTN                   0x1fff0bac   0x18  Data  Gb  MK60_uart.o [1]
_GenldLargeNoMb         0x00000d49  0x240  Code  Lc  xprintflarge_nomb.o [3]
_LdtobLargeNoMb         0x00000ae3  0x23e  Code  Lc  xprintflarge_nomb.o [3]
_LitobLargeNoMb         0x00000993  0x10a  Code  Lc  xprintflarge_nomb.o [3]
_Locale_lconv           0x1fff0bd0   0x38  Data  Lc  xlocale_c.o [3]
_PrintfLargeNoMb        0x00000419  0x190  Code  Gb  xprintflarge_nomb.o [3]
_Prout                  0x00003b83   0x16  Code  Gb  xprout.o [3]
_PutcharsLargeNoMb      0x00000f89   0x2e  Code  Lc  xprintflarge_nomb.o [3]
_PutfldLargeNoMb        0x00000629  0x25c  Code  Lc  xprintflarge_nomb.o [3]
_PuttxtLargeNoMb        0x00000885  0x10e  Code  Lc  xprintflarge_nomb.o [3]
__BOOT_STACK_ADDRESS {Abs}
                        0x2000fff8         Data  Gb  command line/config [2]
__VECTOR_RAM {Abs}      0x1fff0000         Data  Gb  command line/config [2]
__VECTOR_TABLE {Abs}    0x00000000         Data  Gb  command line/config [2]
__aeabi_cdcmple         0x000014a9         Code  Gb  DblCmpLe.o [4]
__aeabi_d2uiz           0x00001721         Code  Gb  DblToU32.o [4]
__aeabi_ddiv            0x000014d9         Code  Gb  DblDiv.o [4]
__aeabi_dmul            0x000011fd         Code  Gb  DblMul.o [4]
__aeabi_dsub            0x00001765         Code  Gb  DblSub.o [4]
__aeabi_ldiv0           0x0000185d         Code  Gb  I64DivZer.o [5]
__aeabi_memcpy          0x00001391         Code  Gb  ABImemcpy.o [5]
__aeabi_memcpy4         0x000013b1         Code  Gb  ABImemcpy.o [5]
__aeabi_memcpy8         0x000013b1         Code  Gb  ABImemcpy.o [5]
__aeabi_ui2d            0x00001749         Code  Gb  U32ToDbl.o [4]
__aeabi_uldivmod        0x0000110d         Code  Gb  I64DivMod.o [5]
__cmain                 0x00003b55         Code  Gb  cmain.o [5]
__code_start__ {Abs}    0x00000410         Data  Gb  command line/config [2]
__exit                  0x000019c9         Code  Gb  XXexit.o [5]
__iar_Fail_s            0x00001039   0x1e  Code  Gb  xfail_s.o [3]
__iar_Memchr            0x000010b5         Code  Gb  memchr.o [5]
__iar_Stdout            0x1fff0c08   0x48  Data  Gb  xfiles.o [3]
__iar_Strchr            0x00001021         Code  Gb  strchr.o [5]
__iar_dadd              0x00001775         Code  Gb  DblSub.o [4]
__iar_data_init3        0x00003ab5   0x28  Code  Gb  data_init.o [5]
__iar_dsub              0x00001861         Code  Gb  DblAdd.o [4]
__iar_dsubStart         0x00001873         Code  Gb  DblAdd.o [4]
__iar_frexp             0x00001445         Code  Gb  frexp.o [4]
__iar_frexpl            0x00001445         Code  Gb  frexp.o [4]
__iar_init_vfp          0x00003b01         Code  Gb  fpinit_M.o [4]
__iar_program_start     0x00003bb9         Code  Gb  cstartup_M.o [5]
__iar_softfp___iar_frexp64
                        0x00001439         Code  Gb  frexp.o [4]
__iar_softfp_frexp      0x00001439         Code  Gb  frexp.o [4]
__iar_softfp_frexpl     0x00001439         Code  Gb  frexp.o [4]
__iar_systems$$module {Abs}
                        0x00000001         Data  Gb  command line/config [2]
__iar_zero_init3        0x00003a39   0x40  Code  Gb  zero_init3.o [5]
__low_level_init        0x00003b6f    0x4  Code  Gb  low_level_init.o [3]
__vector_table          0x00000000  0x410  Data  Gb  vectors.o [1]
_call_main              0x00003b61         Code  Gb  cmain.o [5]
_exit                   0x00003b79         Code  Gb  cexit.o [5]
_main                   0x00003b6b         Code  Gb  cmain.o [5]
abort                   0x00001855    0x6  Code  Gb  abort.o [3]
assert_failed           0x0000279b   0x26  Code  Gb  MK60_conf.o [1]
bus_clk_khz             0x1fff0e60    0x4  Data  Gb  system_MK60DZ10.o [1]
common_startup          0x0000372b   0x94  Code  Gb  system_MK60DZ10.o [1]
core_clk_khz            0x1fff0e58    0x4  Data  Gb  system_MK60DZ10.o [1]
core_clk_mhz            0x1fff0e5c    0x4  Data  Gb  system_MK60DZ10.o [1]
default_isr             0x0000286f   0x34  Code  Gb  MK60_conf.o [1]
exit                    0x00003b73    0x4  Code  Gb  exit.o [3]
flash_cmd               0x1fff0c65   0x20  Code  Gb  MK60_flash.o [1]
flash_erase_sector      0x1fff0ca9   0x5c  Code  Gb  MK60_flash.o [1]
flash_init              0x1fff0c85   0x24  Code  Gb  MK60_flash.o [1]
flash_write             0x1fff0d05   0xb6  Code  Gb  MK60_flash.o [1]
fputc                   0x000027c1   0x14  Code  Gb  MK60_conf.o [1]
ftm_mod                 0x1fff0e48   0x10  Data  Lc  MK60_ftm.o [1]
ftm_pwm_duty            0x00002577  0x126  Code  Gb  MK60_ftm.o [1]
ftm_pwm_init            0x000023c5  0x1b2  Code  Gb  MK60_ftm.o [1]
gpio_get                0x00002e47   0x3e  Code  Gb  MK60_gpio.o [1]
gpio_init               0x00002d4d   0xbe  Code  Gb  MK60_gpio.o [1]
gpio_turn               0x00002e0b   0x3c  Code  Gb  MK60_gpio.o [1]
key_check               0x00002d1d   0x2a  Code  Gb  VCAN_key.o [1]
key_get                 0x00002d03   0x1a  Code  Gb  VCAN_key.o [1]
key_init                0x00002cb1   0x52  Code  Gb  VCAN_key.o [1]
led_init                0x000028c5   0x3a  Code  Gb  VCAN_LED.o [1]
led_turn                0x000028ff   0x32  Code  Gb  VCAN_LED.o [1]
localeconv              0x00001849    0x4  Code  Gb  xlocale_c.o [3]
main                    0x00003299   0xd2  Code  Gb  main.o [1]
mcg_cfg                 0x1fff0b3c   0x58  Data  Gb  MK60_mcg.o [1]
mcg_div                 0x1fff0b94    0x4  Data  Gb  MK60_mcg.o [1]
mcg_div_count           0x00002e99  0x332  Code  Gb  MK60_mcg.o [1]
memchr                  0x000010b5         Code  Gb  memchr.o [5]
obuf                    0x1fff0e68   0x50  Data  Lc  xfiles.o [3]
pll_init                0x000031cb   0xb2  Code  Gb  MK60_mcg.o [1]
port_init               0x000026b5   0x4a  Code  Gb  MK60_port.o [1]
port_init_NoALT         0x000026ff   0x6a  Code  Gb  MK60_port.o [1]
printf                  0x00002935   0x28  Code  Gb  printf.o [3]
putchar                 0x00003b99    0xc  Code  Gb  putchar.o [3]
scale                   0x00000a9d   0x46  Code  Lc  xprintflarge_nomb.o [3]
sec_hand                0x1fff0e64    0x4  Data  Lc  xfail_s.o [3]
set_sys_dividers        0x1fff0df9   0x50  Code  Gb  MK60_mcg.o [1]
start                   0x000036cd   0x22  Code  Gb  system_MK60DZ10.o [1]
start_check             0x000027d5   0x9a  Code  Gb  MK60_conf.o [1]
strchr                  0x00001021         Code  Gb  strchr.o [5]
strlen                  0x0000107d         Code  Gb  strlen.o [5]
sysinit                 0x000036ef   0x3c  Code  Gb  system_MK60DZ10.o [1]
systick_delay           0x0000295d   0x36  Code  Gb  MK60_SysTick.o [1]
systick_delay_ms        0x00002993   0x18  Code  Gb  MK60_SysTick.o [1]
uart_init               0x000029c1  0x214  Code  Gb  MK60_uart.o [1]
uart_putchar            0x00002c5b   0x1a  Code  Gb  MK60_uart.o [1]
uart_putstr             0x00002c75   0x22  Code  Gb  MK60_uart.o [1]
uart_querychar          0x00002bd5   0x2a  Code  Gb  MK60_uart.o [1]
uart_querystr           0x00002bff   0x5c  Code  Gb  MK60_uart.o [1]
vector_str              0x1fff0410  0x708  Data  Gb  MK60_conf.o [1]
wdog_disable            0x000037f9   0x16  Code  Gb  MK60_wdog.o [1]
wdog_unlock             0x0000380f   0x20  Code  Lc  MK60_wdog.o [1]
write_vtor              0x00003839   0x22  Code  Gb  misc.o [1]


[1] = F:\01__飞思卡尔智能车\00__赛区赛\舵机测试\Prj\IAR\FN15_Debug\Obj
[2] = command line
[3] = dl7M_tlf.a
[4] = m7M_tls.a
[5] = rt7M_tl.a

  11 010 bytes of readonly  code memory
     500 bytes of readwrite code memory
   4 302 bytes of readonly  data memory
   2 227 bytes of readwrite data memory

Errors: none
Warnings: none
